2026-07-11T04:24:29Z [Info] [carb] Logging to file: /isaac-sim/kit/logs/Kit/Isaac-Sim Python/6.0/kit_20260711_042429.log
[0.087s] [ext: omni.assets.plugins-0.0.0] startup
[0.089s] [ext: omni.blobkey-1.1.2] startup
[0.089s] [ext: omni.kit.async_engine-0.0.3] startup
[0.952s] [ext: omni.client.lib-1.1.1] startup
[0.985s] [ext: omni.client-1.3.0] startup
2026-07-11T04:24:30Z [1,013ms] [Warning] [carb.omniclient.plugin]  102: OmniHub: ThreadId(02) Hub encountered error. Trying to reconnect to Hub. retry_reason="Hub failed to launch: Io(\"child exited with exit status: 1 without writing file \\\"/tmp/hub-isaac-sim-9518D582.config.json\\\"\")"
2026-07-11T04:24:30Z [1,085ms] [Warning] [carb.omniclient.plugin]  102: OmniHub: ThreadId(02) Hub encountered error. Trying to reconnect to Hub. retry_reason="Hub failed to launch: Io(\"child exited with exit status: 1 without writing file \\\"/tmp/hub-isaac-sim-9518D582.config.json\\\"\")"
2026-07-11T04:24:30Z [1,168ms] [Warning] [carb.omniclient.plugin]  102: OmniHub: ThreadId(02) Hub encountered error. Trying to reconnect to Hub. retry_reason="Hub failed to launch: Io(\"child exited with exit status: 1 without writing file \\\"/tmp/hub-isaac-sim-9518D582.config.json\\\"\")"
2026-07-11T04:24:30Z [1,260ms] [Warning] [carb.omniclient.plugin]  102: OmniHub: ThreadId(02) Hub encountered error. Trying to reconnect to Hub. retry_reason="Hub failed to launch: Io(\"child exited with exit status: 1 without writing file \\\"/tmp/hub-isaac-sim-9518D582.config.json\\\"\")"
2026-07-11T04:24:31Z [1,362ms] [Warning] [carb.omniclient.plugin]  102: OmniHub: ThreadId(02) Hub encountered error. Trying to reconnect to Hub. retry_reason="Hub failed to launch: Io(\"child exited with exit status: 1 without writing file \\\"/tmp/hub-isaac-sim-9518D582.config.json\\\"\")"
2026-07-11T04:24:31Z [1,474ms] [Warning] [carb.omniclient.plugin]  102: OmniHub: ThreadId(02) Hub encountered error. Trying to reconnect to Hub. retry_reason="Hub failed to launch: Io(\"child exited with exit status: 1 without writing file \\\"/tmp/hub-isaac-sim-9518D582.config.json\\\"\")"
2026-07-11T04:24:31Z [1,597ms] [Warning] [carb.omniclient.plugin]  102: OmniHub: ThreadId(02) Hub encountered error. Trying to reconnect to Hub. retry_reason="Hub failed to launch: Io(\"child exited with exit status: 1 without writing file \\\"/tmp/hub-isaac-sim-9518D582.config.json\\\"\")"
2026-07-11T04:24:31Z [1,729ms] [Warning] [carb.omniclient.plugin]  102: OmniHub: ThreadId(02) Hub encountered error. Trying to reconnect to Hub. retry_reason="Hub failed to launch: Io(\"child exited with exit status: 1 without writing file \\\"/tmp/hub-isaac-sim-9518D582.config.json\\\"\")"
2026-07-11T04:24:31Z [1,872ms] [Warning] [carb.omniclient.plugin]  102: OmniHub: ThreadId(02) Hub encountered error. Trying to reconnect to Hub. retry_reason="Hub failed to launch: Io(\"child exited with exit status: 1 without writing file \\\"/tmp/hub-isaac-sim-9518D582.config.json\\\"\")"
2026-07-11T04:24:31Z [2,073ms] [Warning] [carb.omniclient.plugin]  102: OmniHub: ThreadId(02) Hub encountered error. Trying to reconnect to Hub. retry_reason="Hub failed to launch: Io(\"child exited with exit status: 1 without writing file \\\"/tmp/hub-isaac-sim-9518D582.config.json\\\"\")"
2026-07-11T04:24:31Z [2,236ms] [Warning] [carb.omniclient.plugin]  102: OmniHub: ThreadId(02) Hub encountered error. Trying to reconnect to Hub. retry_reason="Hub failed to launch: Io(\"child exited with exit status: 1 without writing file \\\"/tmp/hub-isaac-sim-9518D582.config.json\\\"\")"
2026-07-11T04:24:32Z [2,409ms] [Warning] [carb.omniclient.plugin]  102: OmniHub: ThreadId(02) Hub encountered error. Trying to reconnect to Hub. retry_reason="Hub failed to launch: Io(\"child exited with exit status: 1 without writing file \\\"/tmp/hub-isaac-sim-9518D582.config.json\\\"\")"
2026-07-11T04:24:32Z [2,590ms] [Warning] [carb.omniclient.plugin]  102: OmniHub: ThreadId(02) Hub encountered error. Trying to reconnect to Hub. retry_reason="Hub failed to launch: Io(\"child exited with exit status: 1 without writing file \\\"/tmp/hub-isaac-sim-9518D582.config.json\\\"\")"
2026-07-11T04:24:32Z [2,783ms] [Warning] [carb.omniclient.plugin]  102: OmniHub: ThreadId(02) Hub encountered error. Trying to reconnect to Hub. retry_reason="Hub failed to launch: Io(\"child exited with exit status: 1 without writing file \\\"/tmp/hub-isaac-sim-9518D582.config.json\\\"\")"
2026-07-11T04:24:32Z [2,985ms] [Warning] [carb.omniclient.plugin]  102: OmniHub: ThreadId(02) Hub encountered error. Trying to reconnect to Hub. retry_reason="Hub failed to launch: Io(\"child exited with exit status: 1 without writing file \\\"/tmp/hub-isaac-sim-9518D582.config.json\\\"\")"
2026-07-11T04:24:32Z [3,197ms] [Warning] [carb.omniclient.plugin]  102: OmniHub: ThreadId(02) Hub encountered error. Trying to reconnect to Hub. retry_reason="Hub failed to launch: Io(\"child exited with exit status: 1 without writing file \\\"/tmp/hub-isaac-sim-9518D582.config.json\\\"\")"
2026-07-11T04:24:33Z [3,420ms] [Warning] [carb.omniclient.plugin]  102: OmniHub: ThreadId(02) Hub encountered error. Trying to reconnect to Hub. retry_reason="Hub failed to launch: Io(\"child exited with exit status: 1 without writing file \\\"/tmp/hub-isaac-sim-9518D582.config.json\\\"\")"
2026-07-11T04:24:33Z [3,702ms] [Warning] [carb.omniclient.plugin]  102: OmniHub: ThreadId(02) Hub encountered error. Trying to reconnect to Hub. retry_reason="Hub failed to launch: Io(\"child exited with exit status: 1 without writing file \\\"/tmp/hub-isaac-sim-9518D582.config.json\\\"\")"
2026-07-11T04:24:33Z [3,945ms] [Warning] [carb.omniclient.plugin]  102: OmniHub: ThreadId(02) Hub encountered error. Trying to reconnect to Hub. retry_reason="Hub failed to launch: Io(\"child exited with exit status: 1 without writing file \\\"/tmp/hub-isaac-sim-9518D582.config.json\\\"\")"
2026-07-11T04:24:33Z [4,198ms] [Warning] [carb.omniclient.plugin]  102: OmniHub: ThreadId(02) Hub encountered error. Trying to reconnect to Hub. retry_reason="Hub failed to launch: Io(\"child exited with exit status: 1 without writing file \\\"/tmp/hub-isaac-sim-9518D582.config.json\\\"\")"
2026-07-11T04:24:34Z [4,509ms] [Warning] [carb.omniclient.plugin]  102: OmniHub: ThreadId(02) Hub encountered error. Trying to reconnect to Hub. retry_reason="Hub failed to launch: Io(\"child exited with exit status: 1 without writing file \\\"/tmp/hub-isaac-sim-9518D582.config.json\\\"\")"
2026-07-11T04:24:34Z [4,782ms] [Warning] [carb.omniclient.plugin]  102: OmniHub: ThreadId(02) Hub encountered error. Trying to reconnect to Hub. retry_reason="Hub failed to launch: Io(\"child exited with exit status: 1 without writing file \\\"/tmp/hub-isaac-sim-9518D582.config.json\\\"\")"
2026-07-11T04:24:34Z [5,065ms] [Warning] [carb.omniclient.plugin]  102: OmniHub: ThreadId(02) Hub encountered error. Trying to reconnect to Hub. retry_reason="Hub failed to launch: Io(\"child exited with exit status: 1 without writing file \\\"/tmp/hub-isaac-sim-9518D582.config.json\\\"\")"
2026-07-11T04:24:35Z [5,358ms] [Warning] [carb.omniclient.plugin]  102: OmniHub: ThreadId(02) Hub encountered error. Trying to reconnect to Hub. retry_reason="Hub failed to launch: Io(\"child exited with exit status: 1 without writing file \\\"/tmp/hub-isaac-sim-9518D582.config.json\\\"\")"
2026-07-11T04:24:35Z [5,710ms] [Warning] [carb.omniclient.plugin]  102: OmniHub: ThreadId(02) Hub encountered error. Trying to reconnect to Hub. retry_reason="Hub failed to launch: Io(\"child exited with exit status: 1 without writing file \\\"/tmp/hub-isaac-sim-9518D582.config.json\\\"\")"
2026-07-11T04:24:35Z [6,022ms] [Warning] [carb.omniclient.plugin]  102: OmniHub: ThreadId(02) Hub encountered error. Trying to reconnect to Hub. retry_reason="Hub failed to launch: Io(\"child exited with exit status: 1 without writing file \\\"/tmp/hub-isaac-sim-9518D582.config.json\\\"\")"
2026-07-11T04:24:35Z [6,345ms] [Warning] [carb.omniclient.plugin]  102: OmniHub: ThreadId(02) Hub encountered error. Trying to reconnect to Hub. retry_reason="Hub failed to launch: Io(\"child exited with exit status: 1 without writing file \\\"/tmp/hub-isaac-sim-9518D582.config.json\\\"\")"
2026-07-11T04:24:36Z [6,676ms] [Warning] [carb.omniclient.plugin]  102: OmniHub: ThreadId(02) Hub encountered error. Trying to reconnect to Hub. retry_reason="Hub failed to launch: Io(\"child exited with exit status: 1 without writing file \\\"/tmp/hub-isaac-sim-9518D582.config.json\\\"\")"
WARNING: All log messages before absl::InitializeLog() is called are written to STDERR
E0000 00:00:1783743881.101548      11 descriptor_database.cc:633] File already exists in database: grpc/health/v1/health.proto
W0000 00:00:1783743881.101606      11 message.cc:301] Protobuf GeneratedMessageFactory: File is already registered: grpc/health/v1/health.proto
2026-07-11T04:24:36Z [7,019ms] [Warning] [carb.omniclient.plugin]  102: OmniHub: ThreadId(02) Hub encountered error. Trying to reconnect to Hub. retry_reason="Hub failed to launch: Io(\"child exited with exit status: 1 without writing file \\\"/tmp/hub-isaac-sim-9518D582.config.json\\\"\")"
2026-07-11T04:24:37Z [7,370ms] [Warning] [carb.omniclient.plugin]  102: OmniHub: ThreadId(02) Hub encountered error. Trying to reconnect to Hub. retry_reason="Hub failed to launch: Io(\"child exited with exit status: 1 without writing file \\\"/tmp/hub-isaac-sim-9518D582.config.json\\\"\")"
2026-07-11T04:24:37Z [7,732ms] [Warning] [carb.omniclient.plugin]  102: OmniHub: ThreadId(02) Hub encountered error. Trying to reconnect to Hub. retry_reason="Hub failed to launch: Io(\"child exited with exit status: 1 without writing file \\\"/tmp/hub-isaac-sim-9518D582.config.json\\\"\")"
2026-07-11T04:24:37Z [8,104ms] [Warning] [carb.omniclient.plugin]  102: OmniHub: ThreadId(02) Hub encountered error. Trying to reconnect to Hub. retry_reason="Hub failed to launch: Io(\"child exited with exit status: 1 without writing file \\\"/tmp/hub-isaac-sim-9518D582.config.json\\\"\")"
2026-07-11T04:24:38Z [8,486ms] [Warning] [carb.omniclient.plugin]  102: OmniHub: ThreadId(02) Hub encountered error. Trying to reconnect to Hub. retry_reason="Hub failed to launch: Io(\"child exited with exit status: 1 without writing file \\\"/tmp/hub-isaac-sim-9518D582.config.json\\\"\")"
2026-07-11T04:24:38Z [8,878ms] [Warning] [carb.omniclient.plugin]  102: OmniHub: ThreadId(02) Hub encountered error. Trying to reconnect to Hub. retry_reason="Hub failed to launch: Io(\"child exited with exit status: 1 without writing file \\\"/tmp/hub-isaac-sim-9518D582.config.json\\\"\")"
2026-07-11T04:24:38Z [9,280ms] [Warning] [carb.omniclient.plugin]  102: OmniHub: ThreadId(02) Hub encountered error. Trying to reconnect to Hub. retry_reason="Hub failed to launch: Io(\"child exited with exit status: 1 without writing file \\\"/tmp/hub-isaac-sim-9518D582.config.json\\\"\")"
2026-07-11T04:24:39Z [9,692ms] [Warning] [carb.omniclient.plugin]  102: OmniHub: ThreadId(02) Hub encountered error. Trying to reconnect to Hub. retry_reason="Hub failed to launch: Io(\"child exited with exit status: 1 without writing file \\\"/tmp/hub-isaac-sim-9518D582.config.json\\\"\")"
2026-07-11T04:24:39Z [10,115ms] [Warning] [carb.omniclient.plugin]  102: OmniHub: ThreadId(02) Hub encountered error. Trying to reconnect to Hub. retry_reason="Hub failed to launch: Io(\"child exited with exit status: 1 without writing file \\\"/tmp/hub-isaac-sim-9518D582.config.json\\\"\")"
2026-07-11T04:24:40Z [10,546ms] [Warning] [carb.omniclient.plugin]  102: OmniHub: ThreadId(02) Hub encountered error. Trying to reconnect to Hub. retry_reason="Hub failed to launch: Io(\"child exited with exit status: 1 without writing file \\\"/tmp/hub-isaac-sim-9518D582.config.json\\\"\")"
2026-07-11T04:24:40Z [10,989ms] [Warning] [carb.omniclient.plugin]  102: OmniHub: ThreadId(02) Hub encountered error. Trying to reconnect to Hub. retry_reason="Hub failed to launch: Io(\"child exited with exit status: 1 without writing file \\\"/tmp/hub-isaac-sim-9518D582.config.json\\\"\")"
[11.472s] [ext: omni.protobuf.lib-1.0.0] startup
[11.475s] [ext: omni.grpc.lib-1.0.0] startup
[11.484s] [ext: omni.metrics.core-0.0.3] startup
[11.485s] [ext: omni.datastore-0.0.0] startup
[11.487s] [ext: omni.gpu_foundation.shadercache.vulkan-1.0.0] startup
[11.510s] [ext: omni.hsscclient-1.1.4] startup
[11.515s] [ext: omni.stats-1.0.1] startup
[11.522s] [ext: omni.ujitso.default-1.0.0] startup
[11.536s] [ext: omni.gpu_foundation-0.0.0] startup
[11.928s] [ext: carb.windowing.plugins-1.0.1] startup
[11.929s] [ext: omni.kit.renderer.init-1.0.1] startup
2026-07-11T04:24:41Z [11,987ms] [Warning] [omni.platforminfo.plugin] failed to open the default display.  Can't verify X Server version.

|---------------------------------------------------------------------------------------------|
| Driver Version: 580.105.08    | Graphics API: Vulkan
|=============================================================================================|
| GPU | Name                             | Active | LDA | GPU Memory | Vendor-ID | LUID       |
|     |                                  |        |     |            | Device-ID | UUID       |
|     |                                  |        |     |            | Bus-ID    |            |
|---------------------------------------------------------------------------------------------|
| 0   | NVIDIA GeForce RTX 5090          | Yes: 0 |     | 32853   MB | 10de      | 0          |
|     |                                  |        |     |            | 2b85      | dfae664a.. |
|     |                                  |        |     |            | 0         |            |
|=============================================================================================|
| OS: 24.04.3 LTS (Noble Numbat) ubuntu, Version: 24.04.3, Kernel: 6.8.0-87-generic
| Processor: AMD EPYC 9654 96-Core Emb Processor
| Cores: 46 | Logical Cores: 46
|---------------------------------------------------------------------------------------------|
| Total Memory (MB): 50511 | Free Memory: 33295
| Total Page/Swap (MB): 0 | Free Page/Swap: 0
|---------------------------------------------------------------------------------------------|
[12.936s] [ext: omni.kit.pipapi-0.0.0] startup
[12.946s] [ext: omni.kit.pip_archive-0.0.0] startup
[12.950s] [ext: isaacsim.pip.newton-0.6.1] startup
[12.956s] [ext: omni.pip.compute-1.9.2] startup
[12.961s] [ext: omni.isaac.core_archive-5.3.1] startup
[12.967s] [ext: omni.kit.telemetry-0.5.2] startup
[13.059s] [ext: omni.kit.loop-isaac-1.6.0] startup
[13.067s] [ext: omni.kit.test-2.0.7] startup
[13.470s] [ext: omni.materialx.libs-1.0.9] startup
[13.483s] [ext: omni.gpucompute.plugins-0.0.0] startup
[13.484s] [ext: omni.usd.config-1.0.7] startup
[13.495s] [ext: omni.usd.libs-1.0.3] startup
[13.588s] [ext: omni.iray.libs-0.0.1] startup
[13.595s] [ext: omni.mdl-57.0.3] startup
[13.778s] [ext: omni.mdl.neuraylib-0.2.20] startup
[13.792s] [ext: omni.kit.usd.mdl-1.1.9] startup
[13.947s] [ext: omni.appwindow-1.2.2] startup
[13.953s] [ext: omni.kit.renderer.core-1.2.2] startup
2026-07-11T04:24:43Z [14,116ms] [Warning] [carb.windowing-glfw.plugin] GLFW initialization failed.
2026-07-11T04:24:43Z [14,116ms] [Warning] [carb] Failed to startup plugin carb.windowing-glfw.plugin (interfaces: [carb::windowing::IGLContext v1.0],[carb::windowing::IWindowing v1.5]) (impl: carb.windowing-glfw.plugin)
[14.177s] [ext: omni.kit.renderer.capture-2.0.1] startup
[14.189s] [ext: omni.kit.renderer.imgui-2.0.6] startup
2026-07-11T04:24:43Z [14,165ms] [Warning] [carb.windowing-glfw.plugin] GLFW initialization failed.
2026-07-11T04:24:43Z [14,165ms] [Warning] [carb] Failed to startup plugin carb.windowing-glfw.plugin (interfaces: [carb::windowing::IGLContext v1.0],[carb::windowing::IWindowing v1.5]) (impl: carb.windowing-glfw.plugin)
2026-07-11T04:24:43Z [14,168ms] [Warning] [carb.windowing-glfw.plugin] GLFW initialization failed.
2026-07-11T04:24:43Z [14,168ms] [Warning] [carb] Failed to startup plugin carb.windowing-glfw.plugin (interfaces: [carb::windowing::IGLContext v1.0],[carb::windowing::IWindowing v1.5]) (impl: carb.windowing-glfw.plugin)
[14.275s] [ext: omni.ui-3.2.0] startup
[14.297s] [ext: omni.kit.mainwindow-1.0.3] startup
[14.305s] [ext: carb.audio-0.1.0] startup
[14.311s] [ext: omni.uiaudio-1.0.0] startup
[14.316s] [ext: omni.kit.uiapp-0.0.0] startup
[14.316s] [ext: omni.usd.schema.metrics.assembler-110.1.0] startup
[14.327s] [ext: omni.usd.schema.audio-0.0.1] startup
[14.336s] [ext: omni.usd_resolver-1.0.0] startup
[14.345s] [ext: omni.usd.core-1.8.3] startup
[14.349s] [ext: omni.metropolis.schema-0.0.3] startup
[14.354s] [ext: isaacsim.anim.robot.schema-0.1.1] startup
[14.360s] [ext: omni.usd.schema.anim-0.0.1] startup
[14.393s] [ext: omni.usd.schema.geospatial-0.0.1] startup
[14.401s] [ext: omni.usd.schema.omnigraph-1.0.1] startup
[14.414s] [ext: omni.usd.schema.semantics-0.0.0] startup
[14.423s] [ext: omni.activity.core-1.0.3] startup
[14.428s] [ext: omni.cubric-0.1.0] startup
[14.429s] [ext: omni.graph.exec-0.9.6] startup
[14.429s] [ext: omni.hydra.scene_delegate-0.3.5] startup
[14.434s] [ext: usdrt.scenegraph-7.6.3] startup
[14.490s] [ext: omni.hydra.usdrt_delegate-7.5.2] startup
[14.502s] [ext: omni.inspect-1.0.2] startup
[14.508s] [ext: omni.kit.actions.core-1.0.0] startup
[14.517s] [ext: omni.kit.audiodeviceenum-1.0.2] startup
[14.524s] [ext: omni.kit.commands-1.5.0] startup
[14.543s] [ext: omni.kit.exec.core-0.13.5] startup
[14.552s] [ext: omni.kit.usd_undo-0.1.8] startup
[14.559s] [ext: omni.kit.window.popup_dialog-2.0.25] startup
[14.577s] [ext: omni.kit.widget.nucleus_connector-2.3.1] startup
[14.600s] [ext: omni.timeline-1.1.0] startup
[14.607s] [ext: omni.usd-1.16.0] startup
[14.736s] [ext: omni.graph.core-3.1.2] startup
[14.740s] [ext: omni.kit.notification_manager-1.0.11] startup
[14.751s] [ext: isaacsim.core.deprecation_manager-0.4.2] startup
[14.759s] [ext: isaacsim.replicator.agent.schema-0.1.1] startup
[14.765s] [ext: isaacsim.robot.schema-6.3.7] startup
[14.791s] [ext: isaacsim.robot_motion.schema-0.2.1] startup
[14.799s] [ext: omni.anim.behavior.schema-110.1.0] startup
[14.810s] [ext: omni.anim.graph.schema-110.1.1] startup
[14.823s] [ext: omni.anim.navigation.schema-110.1.0] startup
[14.833s] [ext: omni.behavior.tree.schema-110.1.0] startup
[14.839s] [ext: omni.isaac.ml_archive-3.3.0] startup
[14.845s] [ext: omni.kit.asset_converter-6.0.1] startup
[14.874s] [ext: omni.pip.cloud-1.5.4] startup
[14.895s] [ext: omni.usd.schema.flow-110.0.0] startup
[14.900s] [ext: omni.usd.schema.mujoco-1.1.1] startup
[14.905s] [ext: omni.usd.schema.newton-1.2.1] startup
[14.912s] [ext: omni.usd.schema.omni_lens_distortion-1.0.0] startup
[14.918s] [ext: omni.usd.schema.omni_projectors-1.0.0] startup
[14.923s] [ext: omni.usd.schema.omni_sensors-0.0.0] startup
[14.939s] [ext: omni.usd.schema.omniscripting-1.0.1] startup
[14.950s] [ext: omni.usd.schema.physical_lighting-0.1.0] startup
[14.960s] [ext: omni.usd.schema.physx-110.1.13] startup
[15.006s] [ext: omni.usd.schema.render_settings.rtx-1.0.2] startup
[15.019s] [ext: omni.usd.schema.usd_particle_field-1.0.0] startup
[15.026s] [ext: isaacsim.core.version-2.1.1] startup
[15.034s] [ext: omni.kit.menu.core-1.2.0] startup
[15.044s] [ext: omni.kit.menu.utils-2.2.4] startup
[15.096s] [ext: isaacsim.app.about-2.3.1] startup
[15.114s] [ext: isaacsim.asset.transformer-1.2.5] startup
[15.130s] [ext: omni.scene.optimizer.core-110.1.0] startup
[15.209s] [ext: isaacsim.asset.importer.utils-1.8.1] startup
[15.228s] [ext: omni.convexdecomposition-110.1.13] startup
[15.237s] [ext: omni.physics-110.1.13] startup
[15.249s] [ext: omni.physx.gpu-110.1.13] startup
[15.249s] [ext: omni.physx.foundation-110.1.13] startup
[15.257s] [ext: omni.usdphysics-110.1.13] startup
[15.265s] [ext: omni.physx.cooking-110.1.13] startup
[15.273s] [ext: omni.physx-110.1.13] startup
[15.304s] [ext: omni.physics.physx-110.1.13] startup
[15.311s] [ext: isaacsim.asset.exporter.urdf-2.0.5] startup
[15.354s] [ext: omni.kit.clipboard-1.1.1] startup
[15.361s] [ext: omni.kit.usd.layers-2.6.1] startup
[15.405s] [ext: omni.kit.widget.context_menu-1.4.0] startup
[15.417s] [ext: omni.kit.context_menu-1.9.0] startup
[15.433s] [ext: omni.kit.helper.file_utils-0.1.10] startup
[15.443s] [ext: omni.kit.widget.nucleus_info-2.0.2] startup
[15.452s] [ext: omni.kit.search_core-1.0.8] startup
[15.460s] [ext: omni.kit.widget.path_field-2.0.13] startup
[15.471s] [ext: omni.kit.widget.browser_bar-2.0.10] startup
[15.482s] [ext: omni.kit.widget.filebrowser-2.13.4] startup
[15.523s] [ext: omni.kit.widget.options_menu-1.1.6] startup
[15.542s] [ext: omni.kit.widget.options_button-1.0.3] startup
[15.551s] [ext: omni.kit.widget.search_delegate-1.0.9] startup
[15.563s] [ext: omni.ui.scene-2.0.3] startup
[15.576s] [ext: omni.kit.window.filepicker-2.15.5] startup
[15.691s] [ext: omni.kit.window.file_importer-1.1.21] startup
[15.704s] [ext: omni.kit.material.library-3.1.2] startup
[15.746s] [ext: isaacsim.asset.transformer.rules-1.7.10] startup
[15.849s] [ext: omni.usdex.libs-2.2.2] startup
[15.868s] [ext: isaacsim.asset.importer.mjcf-3.10.1] startup
[15.881s] [ext: isaacsim.asset.importer.urdf-3.11.2] startup
[15.903s] [ext: omni.kit.primitive.mesh-1.1.0] startup
[15.928s] [ext: omni.kit.stage_template.core-1.1.22] startup
[15.935s] [ext: omni.kit.stage_templates-2.0.2] startup
[15.948s] [ext: omni.usd.metrics.assembler-110.1.2] startup
[15.959s] [ext: omni.warp.core-1.13.0] startup
[16.468s] [ext: isaacsim.core.experimental.utils-0.17.2] startup
[16.477s] [ext: omni.physics.stageupdate-110.1.13] startup
[16.486s] [ext: omni.physics.tensors-110.1.13] startup
[16.511s] [ext: omni.physx.tensors-110.1.13] startup
[16.515s] [ext: isaacsim.core.simulation_manager-1.15.6] startup
[16.563s] [ext: isaacsim.storage.native-1.9.3] startup
[16.578s] [ext: omni.usd.metrics.assembler.physics-110.1.13] startup
[16.594s] [ext: isaacsim.core.utils-4.1.7] startup
[16.609s] [ext: isaacsim.core.prims-0.11.7] startup
[20.403s] [ext: isaacsim.core.api-5.2.13] startup
[20.484s] [ext: isaacsim.core.cloner-1.7.3] startup
[20.497s] [ext: isaacsim.test.docstring-1.3.2] startup
[20.536s] [ext: isaacsim.core.experimental.prims-1.8.9] startup
[20.632s] [ext: isaacsim.core.experimental.primdata-0.3.2] startup
[20.637s] [ext: omni.graph.tools-1.81.0] startup
[20.816s] [ext: omni.graph-1.142.5] startup
[20.975s] [ext: isaacsim.core.experimental.actuators-0.1.2] startup
[21.047s] [ext: isaacsim.core.experimental.materials-0.7.1] startup
[21.075s] [ext: isaacsim.core.experimental.objects-0.8.1] startup
[21.442s] [ext: omni.hydra.engine.stats-1.0.5] startup
[21.452s] [ext: omni.hydra.rtx.shadercache.vulkan-1.0.0] startup
[21.462s] [ext: omni.index.libs-387500.4413.0] startup
[21.462s] [ext: omni.index-1.0.1] startup
[21.463s] [ext: omni.ujitso.client-0.0.0] startup
[21.463s] [ext: omni.usd.schema.playback-1.0.0] startup
[21.476s] [ext: omni.volume-0.5.2] startup
[21.485s] [ext: omni.hydra.rtx-1.0.4] startup
2026-07-11T04:24:51Z [21,474ms] [Warning] [omni.log] Source: omni.hydra was already registered.
[21.533s] [ext: omni.kit.hydra_texture-1.6.0] startup
[21.546s] [ext: omni.kit.raycast.query-1.2.0] startup
[21.561s] [ext: omni.kit.viewport.legacy_gizmos-1.0.24] startup
[21.571s] [ext: omni.kit.viewport.registry-104.0.6] startup
[21.580s] [ext: omni.kit.viewport.scene_camera_model-1.0.7] startup
[21.591s] [ext: omni.kit.widget.viewport-109.2.0] startup
[21.626s] [ext: omni.kit.window.drop_support-1.0.8] startup
[21.634s] [ext: omni.kit.viewport.window-109.0.2] startup
[21.708s] [ext: omni.kit.viewport.utility-2.0.1] startup
[21.720s] [ext: isaacsim.core.rendering_manager-0.4.3] startup
[21.766s] [ext: omni.graph.action_core-1.1.9] startup
[21.778s] [ext: omni.graph.action_nodes_core-2.11.0] startup
[21.788s] [ext: omni.graph.action_nodes-2.11.0] startup
[22.024s] [ext: omni.graph.action-2.10.2] startup
[22.035s] [ext: omni.graph.image.core-0.6.1] startup
[22.039s] [ext: omni.graph.image.nodes-1.3.1] startup
[22.044s] [ext: omni.graph.nodes_core-2.11.0] startup
[22.070s] [ext: omni.graph.nodes-2.12.0] startup
[22.097s] [ext: omni.kit.hotkeys.core-1.3.12] startup
[22.100s] [ext: omni.kit.property.adapter.core-1.1.1] startup
[22.121s] [ext: omni.kit.property.adapter.usd-1.0.5] startup
[22.139s] [ext: omni.kit.widget.filter-1.1.5] startup
[22.151s] [ext: omni.kit.widget.highlight_label-1.0.3] startup
[22.164s] [ext: omni.kit.widget.searchfield-1.1.8] startup
[22.186s] [ext: omni.kit.window.file_exporter-1.0.36] startup
[22.197s] [ext: omni.kit.widget.stage-4.4.0] startup
[22.264s] [ext: omni.kit.window.content_browser_registry-0.0.6] startup
[22.274s] [ext: omni.kit.window.file-2.0.10] startup
[22.297s] [ext: omni.kit.window.content_browser-3.1.8] startup
[22.329s] [ext: omni.kit.window.property-1.15.1] startup
[22.438s] [ext: omni.kit.property.usd-4.9.4] startup
[22.540s] [ext: omni.graph.scriptnode-2.10.2] startup
[22.573s] [ext: omni.kit.widget.searchable_combobox-1.0.7] startup
[22.584s] [ext: omni.kit.widget.settings-2.0.0] startup
[22.603s] [ext: omni.kit.window.preferences-1.8.3] startup
[22.642s] [ext: omni.kit.viewport.menubar.core-107.2.2] startup
[22.706s] [ext: omni.syntheticdata-0.6.15] startup
[22.826s] [ext: omni.replicator.nv-1.1.1] startup
[22.844s] [ext: omni.videoencoding-0.2.1] startup
[22.856s] [ext: omni.replicator.core-1.13.27] startup
2026-07-11T04:24:52Z [22,937ms] [Warning] [pxr.Semantics] pxr.Semantics is deprecated - please use Semantics instead
2026-07-11T04:24:52Z [23,177ms] [Warning] [omni.replicator.core.scripts.extension] No material configuration file, adding configuration to material settings directly.
[23.924s] [ext: isaacsim.core.nodes-5.10.5] startup
[24.061s] [ext: isaacsim.core.throttling-2.3.5] startup
[24.071s] [ext: omni.kit.manipulator.viewport-107.0.1] startup
[24.080s] [ext: omni.graph.visualization.nodes-2.1.4] startup
[24.176s] [ext: omni.kit.window.extensions-1.5.10] startup
[24.228s] [ext: isaacsim.gui.components-1.8.5] startup
[24.269s] [ext: isaacsim.robot.surface_gripper-3.6.2] startup
[24.305s] [ext: isaacsim.robot.manipulators-3.4.4] startup
[24.347s] [ext: isaacsim.robot_motion.lula-4.1.3] startup
[24.363s] [ext: isaacsim.robot_motion.motion_generation-8.2.9] startup
[24.401s] [ext: isaacsim.cortex.framework-1.0.18] startup
[24.407s] [ext: isaacsim.cortex.behaviors-2.0.17] startup
[24.413s] [ext: isaacsim.examples.base-1.3.2] startup
[24.422s] [ext: omni.kit.widget.zoombar-1.0.7] startup
[24.430s] [ext: omni.kit.browser.core-2.3.18] startup
[24.488s] [ext: omni.kit.browser.folder.core-2.0.2] startup
[24.528s] [ext: omni.kit.widget.stage_icons-1.0.8] startup
[24.537s] [ext: omni.kit.window.stage-2.6.1] startup
[24.551s] [ext: omni.kit.menu.stage-1.2.7] startup
[24.561s] [ext: omni.kit.usd.collect-3.0.6] startup
[24.587s] [ext: omni.kit.widget.prompt-1.0.7] startup
[24.598s] [ext: omni.kit.tool.collect-2.2.19] startup
[24.616s] [ext: isaacsim.examples.browser-0.3.2] startup
[24.631s] [ext: omni.kit.search.files-1.0.4] startup
[24.640s] [ext: omni.kit.widget.calendar-1.0.9] startup
[24.651s] [ext: omni.kit.widget.extended_searchfield-1.0.31] startup
[24.698s] [ext: omni.simready.content.browser-0.3.7] startup
[25.218s] [ext: isaacsim.gui.content_browser-0.4.3] startup
[25.234s] [ext: omni.kit.selection-0.1.6] startup
[25.243s] [ext: isaacsim.gui.menu-2.10.5] startup
[25.284s] [ext: isaacsim.gui.property-1.6.4] startup
[25.331s] [ext: omni.kit.viewport.actions-110.0.0] startup
[25.348s] [ext: omni.kit.viewport.menubar.display-107.1.3] startup
[25.361s] [ext: isaacsim.gui.sensors.icon-2.2.1] startup
[25.381s] [ext: omni.behavior.scripting.core-110.1.0] startup
[25.406s] [ext: isaacsim.replicator.behavior-1.5.4] startup
[25.413s] [ext: isaacsim.replicator.experimental.domain_randomization-1.2.5] startup
[25.493s] [ext: isaacsim.replicator.domain_randomization-1.2.2] startup
[25.616s] [ext: isaacsim.replicator.writers-1.5.4] startup
[25.747s] [ext: isaacsim.robot.experimental.wheeled_robots-0.2.11] startup
[25.862s] [ext: isaacsim.robot.policy.examples-5.2.12] startup
[25.958s] [ext: isaacsim.robot.wheeled_robots-5.2.4] startup
[25.980s] [ext: isaacsim.robot.wheeled_robots.nodes-0.1.5] startup
[26.093s] [ext: isaacsim.robot_motion.experimental.motion_generation-6.1.3] startup
[26.144s] [ext: isaacsim.robot_motion.cumotion-1.3.1] startup
[26.189s] [ext: omni.kit.numpy.common-0.1.3] startup
[26.196s] [ext: isaacsim.sensors.camera-1.7.9] startup
[26.269s] [ext: isaacsim.sensors.experimental.physics-3.0.2] startup
[26.299s] [ext: omni.sensors.net-1.0.1] startup
[26.308s] [ext: omni.sensors.nv.common-3.0.0] startup
[26.332s] [ext: omni.sensors.nv.materials-2.0.0] startup
[26.342s] [ext: omni.sensors.nv.acoustic-3.0.0] startup
[26.347s] [ext: omni.sensors.nv.ids-2.0.1] startup
[26.350s] [ext: omni.sensors.nv.lidar-3.0.0] startup
[26.361s] [ext: omni.sensors.nv.radar-3.0.0] startup
[26.366s] [ext: isaacsim.sensors.experimental.rtx-1.4.6] startup
[27.140s] [ext: isaacsim.sensors.physics.nodes-1.5.3] startup
[27.159s] [ext: isaacsim.util.debug_draw-3.2.3] startup
[27.176s] [ext: isaacsim.sensors.physx-2.5.5] startup
[27.203s] [ext: isaacsim.sensors.rtx-15.17.1] startup
[27.239s] [ext: isaacsim.simulation_app-2.18.4] startup
[27.240s] [ext: omni.anim.curve.core-1.6.0] startup
[27.285s] [ext: omni.graph.ui_nodes-2.11.1] startup
[27.687s] [ext: omni.hydra.scene_api-0.1.3] startup
[27.708s] [ext: omni.kit.manipulator.camera-110.0.0] startup
[27.761s] [ext: omni.kit.manipulator.selector-1.1.4] startup
[27.773s] [ext: omni.kit.manipulator.transform-107.0.0] startup
[27.804s] [ext: omni.kit.widget.toolbar-2.1.0] startup
[27.839s] [ext: omni.kit.manipulator.tool.snap-1.5.14] startup
[27.864s] [ext: omni.kit.viewport.manipulator.transform-107.0.4] startup
[27.879s] [ext: omni.kit.manipulator.prim.core-108.0.2] startup
[27.916s] [ext: omni.kit.manipulator.prim.usd-107.0.3] startup
[27.936s] [ext: omni.kit.manipulator.prim-108.0.0] startup
[27.936s] [ext: omni.kit.manipulator.selection-109.0.1] startup
[27.957s] [ext: omni.kit.menu.create-2.0.2] startup
[27.976s] [ext: omni.kit.property.audio-1.0.16] startup
[28.000s] [ext: omni.kit.property.camera-1.0.14] startup
[28.016s] [ext: omni.kit.property.geometry-2.1.2] startup
[28.036s] [ext: omni.kit.property.light-1.0.14] startup
2026-07-11T04:24:57Z [28,072ms] [Warning] [omni.usd] Encountered USD Warnings but USD Diagnostics are currently muted. To view USD Warnings, please set the '/persistent/app/usd/muteUsdDiagnostics' setting to false in Preferences page.
[28.115s] [ext: omni.kit.property.material-1.14.6] startup
[28.162s] [ext: omni.kit.property.render-1.2.2] startup
[28.170s] [ext: omni.kit.property.transform-1.6.9] startup
[28.206s] [ext: omni.kit.property.bundle-1.5.1] startup
[28.216s] [ext: omni.kit.usdz_export-1.1.0] startup
[28.228s] [ext: omni.kit.tool.asset_importer-6.0.1] startup
[28.263s] [ext: omni.kit.ui.actions-1.0.5] startup
[28.273s] [ext: omni.kit.viewport.menubar.camera-107.0.10] startup
[28.301s] [ext: omni.kit.viewport.menubar.lighting-107.3.2] startup
[28.320s] [ext: omni.kit.viewport.menubar.render-110.0.0] startup
[28.338s] [ext: omni.kit.viewport.menubar.settings-110.0.1] startup
[28.365s] [ext: omni.kit.window.console-1.1.9] startup
[28.383s] [ext: omni.kit.window.status_bar-0.1.11] startup
[28.391s] [ext: omni.kit.window.toolbar-3.0.3] startup
[28.399s] [ext: omni.ocio-0.1.1] startup
[28.403s] [ext: omni.physx.commands-110.1.13] startup
[28.430s] [ext: omni.replicator.replicator_yaml-2.0.12] startup
[28.474s] [ext: omni.rtx.window.settings-0.8.0] startup
[28.493s] [ext: omni.rtx.settings.core-0.7.1] startup
[28.521s] [ext: omni.usd.metrics.assembler.ui-110.1.1] startup
[28.544s] [ext: semantics.schema.editor-2.0.2] startup
[28.561s] [ext: semantics.schema.property-2.0.2] startup
[28.570s] [ext: omni.kit.menu.common-2.0.2] startup
[28.577s] [ext: isaacsim.exp.base-6.0.1] startup
[28.577s] [ext: isaacsim.exp.base.python-6.0.1] startup
[28.580s] Simulation App Starting
[31.695s] Simulation App Startup Complete
[31.697s] app ready
Starting kit application with the following args:  ['/isaac-sim/exts/isaacsim.simulation_app/isaacsim/simulation_app/simulation_app.py', '/isaac-sim/apps/isaacsim.exp.base.python.kit', '--/app/tokens/exe-path=/isaac-sim/kit', '--/persistent/app/viewport/displayOptions=3094', '--/rtx/materialDb/syncLoads=True', '--/rtx/hydra/materialSyncLoads=True', '--/omni/kit/plugin/syncUsdLoads=True', '--/app/renderer/resolution/width=1280', '--/app/renderer/resolution/height=720', '--/app/window/width=1440', '--/app/window/height=900', '--/renderer/multiGpu/enabled=True', '--/app/fastShutdown=True', '--/app/installSignalHandlers=0', '--ext-folder', '/isaac-sim/exts', '--ext-folder', '/isaac-sim/apps', '--/physics/cudaDevice=0', '--/plugins/carb.tasking.plugin/threadCount=32', '--/plugins/omni.tbb.globalcontrol/maxThreadCount=32', '--portable', '--no-window', '--/app/window/hideUi=1']
Passing the following args to the base kit application:  ['--out', '/workspace/sortmaster_out/xbelt_matrix_v25/edge_items_all', '--depth-stills', '0', '--perception', 'rtx', '--drive', 'surface', '--seed', '42', '--manifest-extra', '--max-sim-s', '700']
Warp 1.13.0 initialized:
   CUDA Toolkit 12.9, Driver 13.0
   Devices:
     "cpu"      : "x86_64"
     "cuda:0"   : "NVIDIA GeForce RTX 5090" (31 GiB, sm_120, mempool enabled)
   Kernel cache:
     /isaac-sim/.cache/warp/1.13.0
[dressing] official conveyor shells referenced
[dressing] RealSense D455 sensor assets referenced
[arm] suction gripper referenced: /Isaac/Robots/UniversalRobots/ur10/grippers/short_gripper.usd
[arm] official UR10e referenced
[isaac] sorter: 9 carriers, pitch 0.6 m, v 0.5 m/s, tilt 38.0 deg, latency 40 ms
[isaac] jam-locator background: OK
[isaac] seed=42 items=20 physics=240Hz control=60Hz record=False -> /workspace/sortmaster_out/xbelt_matrix_v25/edge_items_all
2026-07-11T04:25:14Z [45,227ms] [Warning] [omni.physx.plugin] PhysicsUSD: CreateJoint - found a joint with disjointed body transforms, the simulation will most likely snap objects together: /World/ur10e/joints/ee_joint
2026-07-11T04:25:14Z [45,248ms] [Warning] [isaacsim.robot.surface_gripper.plugin]    Gripper /World/ur10e/wrist_3_link/flange/eef_gripper/SurfaceGripper has no joint at attachment point /World/ur10e/wrist_3_link/flange/eef_gripper/suction_cup/Suction_Joint
2026-07-11T04:28:06Z [216,744ms] [Warning] [isaacsim.sensors.camera.camera] 'verticalAperture' (1.5290800094604493) and 'horizontalAperture' (2.7183645248413084) are inconsistent with the pixel resolution aspect ratio (1.3333333333333333). Setting 'verticalAperture' to 2.0387733936309815 to ensure square pixels.
2026-07-11T04:28:06Z [216,791ms] [Warning] [isaacsim.sensors.camera.camera] 'verticalAperture' (1.5290800094604493) and 'horizontalAperture' (2.7183645248413084) are inconsistent with the pixel resolution aspect ratio (1.3333333333333333). Setting 'verticalAperture' to 2.0387733936309815 to ensure square pixels.
2026-07-11T04:28:06Z [216,830ms] [Warning] [isaacsim.sensors.camera.camera] 'verticalAperture' (1.5290800094604493) and 'horizontalAperture' (2.7183645248413084) are inconsistent with the pixel resolution aspect ratio (1.3333333333333333). Setting 'verticalAperture' to 2.0387733936309815 to ensure square pixels.
2026-07-11T04:28:06Z [216,869ms] [Warning] [isaacsim.sensors.camera.camera] 'verticalAperture' (1.5290800094604493) and 'horizontalAperture' (2.7183645248413084) are inconsistent with the pixel resolution aspect ratio (1.0). Setting 'verticalAperture' to 2.7183645248413084 to ensure square pixels.
2026-07-11T04:28:06Z [216,908ms] [Warning] [isaacsim.sensors.camera.camera] 'verticalAperture' (1.5290800094604493) and 'horizontalAperture' (2.7183645248413084) are inconsistent with the pixel resolution aspect ratio (1.3333333333333333). Setting 'verticalAperture' to 2.0387733936309815 to ensure square pixels.
2026-07-11T04:28:06Z [216,909ms] [Warning] [carb] Client omni.hydratexture.plugin has acquired [carb::settings::ISettings v1.1] 100 times. Consider accessing this interface with carb::getCachedInterface() (Performance warning)
2026-07-11T04:28:06Z [217,047ms] [Warning] [omni.rtx] DLSS increasing input dimensions: Render resolution of (384, 288) is below minimal input resolution of 300.
2026-07-11T04:28:07Z [218,078ms] [Warning] [omni.syntheticdata.plugin] OgnSdPostRenderVarToHost : rendervar copy from texture directly to host buffer is counter-performant. Please use copy from texture to device buffer first.
2026-07-11T04:28:17Z [228,291ms] [Error] [omni.kit.app._impl] [py stderr]: /workspace/sortmaster/isaac/perception_rtx.py:308: RuntimeWarning: invalid value encountered in matmul
  world = pos + cam_pts @ R.T
[isaac] t=   20.0s delivered=2/20 wall=  28.9s
[isaac] t=   40.0s delivered=5/20 wall=  60.1s
