[pipeline] audit
2026-07-10T18:27:47Z [Info] [carb] Logging to file: /isaac-sim/kit/logs/Kit/Isaac-Sim Python/6.0/kit_20260710_182747.log
[0.083s] [ext: omni.assets.plugins-0.0.0] startup
[0.085s] [ext: omni.blobkey-1.1.2] startup
[0.085s] [ext: omni.kit.async_engine-0.0.3] startup
[0.943s] [ext: omni.client.lib-1.1.1] startup
[0.976s] [ext: omni.client-1.3.0] startup
2026-07-10T18:27:48Z [1,003ms] [Warning] [carb.omniclient.plugin]  57: OmniHub: ThreadId(02) Hub encountered error. Trying to reconnect to Hub. retry_reason="Hub failed to launch: Io(\"child exited with exit status: 1 without writing file \\\"/tmp/hub-isaac-sim-74A0F920.config.json\\\"\")"
2026-07-10T18:27:48Z [1,075ms] [Warning] [carb.omniclient.plugin]  57: OmniHub: ThreadId(02) Hub encountered error. Trying to reconnect to Hub. retry_reason="Hub failed to launch: Io(\"child exited with exit status: 1 without writing file \\\"/tmp/hub-isaac-sim-74A0F920.config.json\\\"\")"
2026-07-10T18:27:48Z [1,157ms] [Warning] [carb.omniclient.plugin]  57: OmniHub: ThreadId(02) Hub encountered error. Trying to reconnect to Hub. retry_reason="Hub failed to launch: Io(\"child exited with exit status: 1 without writing file \\\"/tmp/hub-isaac-sim-74A0F920.config.json\\\"\")"
2026-07-10T18:27:48Z [1,248ms] [Warning] [carb.omniclient.plugin]  57: OmniHub: ThreadId(02) Hub encountered error. Trying to reconnect to Hub. retry_reason="Hub failed to launch: Io(\"child exited with exit status: 1 without writing file \\\"/tmp/hub-isaac-sim-74A0F920.config.json\\\"\")"
2026-07-10T18:27:49Z [1,350ms] [Warning] [carb.omniclient.plugin]  57: OmniHub: ThreadId(02) Hub encountered error. Trying to reconnect to Hub. retry_reason="Hub failed to launch: Io(\"child exited with exit status: 1 without writing file \\\"/tmp/hub-isaac-sim-74A0F920.config.json\\\"\")"
2026-07-10T18:27:49Z [1,462ms] [Warning] [carb.omniclient.plugin]  57: OmniHub: ThreadId(02) Hub encountered error. Trying to reconnect to Hub. retry_reason="Hub failed to launch: Io(\"child exited with exit status: 1 without writing file \\\"/tmp/hub-isaac-sim-74A0F920.config.json\\\"\")"
2026-07-10T18:27:49Z [1,584ms] [Warning] [carb.omniclient.plugin]  57: OmniHub: ThreadId(02) Hub encountered error. Trying to reconnect to Hub. retry_reason="Hub failed to launch: Io(\"child exited with exit status: 1 without writing file \\\"/tmp/hub-isaac-sim-74A0F920.config.json\\\"\")"
2026-07-10T18:27:49Z [1,716ms] [Warning] [carb.omniclient.plugin]  57: OmniHub: ThreadId(02) Hub encountered error. Trying to reconnect to Hub. retry_reason="Hub failed to launch: Io(\"child exited with exit status: 1 without writing file \\\"/tmp/hub-isaac-sim-74A0F920.config.json\\\"\")"
2026-07-10T18:27:49Z [1,858ms] [Warning] [carb.omniclient.plugin]  57: OmniHub: ThreadId(02) Hub encountered error. Trying to reconnect to Hub. retry_reason="Hub failed to launch: Io(\"child exited with exit status: 1 without writing file \\\"/tmp/hub-isaac-sim-74A0F920.config.json\\\"\")"
2026-07-10T18:27:49Z [2,010ms] [Warning] [carb.omniclient.plugin]  57: OmniHub: ThreadId(02) Hub encountered error. Trying to reconnect to Hub. retry_reason="Hub failed to launch: Io(\"child exited with exit status: 1 without writing file \\\"/tmp/hub-isaac-sim-74A0F920.config.json\\\"\")"
2026-07-10T18:27:49Z [2,172ms] [Warning] [carb.omniclient.plugin]  57: OmniHub: ThreadId(02) Hub encountered error. Trying to reconnect to Hub. retry_reason="Hub failed to launch: Io(\"child exited with exit status: 1 without writing file \\\"/tmp/hub-isaac-sim-74A0F920.config.json\\\"\")"
2026-07-10T18:27:50Z [2,344ms] [Warning] [carb.omniclient.plugin]  57: OmniHub: ThreadId(02) Hub encountered error. Trying to reconnect to Hub. retry_reason="Hub failed to launch: Io(\"child exited with exit status: 1 without writing file \\\"/tmp/hub-isaac-sim-74A0F920.config.json\\\"\")"
2026-07-10T18:27:50Z [2,526ms] [Warning] [carb.omniclient.plugin]  57: OmniHub: ThreadId(02) Hub encountered error. Trying to reconnect to Hub. retry_reason="Hub failed to launch: Io(\"child exited with exit status: 1 without writing file \\\"/tmp/hub-isaac-sim-74A0F920.config.json\\\"\")"
2026-07-10T18:27:50Z [2,718ms] [Warning] [carb.omniclient.plugin]  57: OmniHub: ThreadId(02) Hub encountered error. Trying to reconnect to Hub. retry_reason="Hub failed to launch: Io(\"child exited with exit status: 1 without writing file \\\"/tmp/hub-isaac-sim-74A0F920.config.json\\\"\")"
2026-07-10T18:27:50Z [2,920ms] [Warning] [carb.omniclient.plugin]  57: OmniHub: ThreadId(02) Hub encountered error. Trying to reconnect to Hub. retry_reason="Hub failed to launch: Io(\"child exited with exit status: 1 without writing file \\\"/tmp/hub-isaac-sim-74A0F920.config.json\\\"\")"
2026-07-10T18:27:50Z [3,132ms] [Warning] [carb.omniclient.plugin]  57: OmniHub: ThreadId(02) Hub encountered error. Trying to reconnect to Hub. retry_reason="Hub failed to launch: Io(\"child exited with exit status: 1 without writing file \\\"/tmp/hub-isaac-sim-74A0F920.config.json\\\"\")"
2026-07-10T18:27:51Z [3,354ms] [Warning] [carb.omniclient.plugin]  57: OmniHub: ThreadId(02) Hub encountered error. Trying to reconnect to Hub. retry_reason="Hub failed to launch: Io(\"child exited with exit status: 1 without writing file \\\"/tmp/hub-isaac-sim-74A0F920.config.json\\\"\")"
2026-07-10T18:27:51Z [3,586ms] [Warning] [carb.omniclient.plugin]  57: OmniHub: ThreadId(02) Hub encountered error. Trying to reconnect to Hub. retry_reason="Hub failed to launch: Io(\"child exited with exit status: 1 without writing file \\\"/tmp/hub-isaac-sim-74A0F920.config.json\\\"\")"
2026-07-10T18:27:51Z [3,828ms] [Warning] [carb.omniclient.plugin]  57: OmniHub: ThreadId(02) Hub encountered error. Trying to reconnect to Hub. retry_reason="Hub failed to launch: Io(\"child exited with exit status: 1 without writing file \\\"/tmp/hub-isaac-sim-74A0F920.config.json\\\"\")"
2026-07-10T18:27:51Z [4,079ms] [Warning] [carb.omniclient.plugin]  57: OmniHub: ThreadId(02) Hub encountered error. Trying to reconnect to Hub. retry_reason="Hub failed to launch: Io(\"child exited with exit status: 1 without writing file \\\"/tmp/hub-isaac-sim-74A0F920.config.json\\\"\")"
2026-07-10T18:27:52Z [4,341ms] [Warning] [carb.omniclient.plugin]  57: OmniHub: ThreadId(02) Hub encountered error. Trying to reconnect to Hub. retry_reason="Hub failed to launch: Io(\"child exited with exit status: 1 without writing file \\\"/tmp/hub-isaac-sim-74A0F920.config.json\\\"\")"
2026-07-10T18:27:52Z [4,613ms] [Warning] [carb.omniclient.plugin]  57: OmniHub: ThreadId(02) Hub encountered error. Trying to reconnect to Hub. retry_reason="Hub failed to launch: Io(\"child exited with exit status: 1 without writing file \\\"/tmp/hub-isaac-sim-74A0F920.config.json\\\"\")"
2026-07-10T18:27:52Z [4,895ms] [Warning] [carb.omniclient.plugin]  57: OmniHub: ThreadId(02) Hub encountered error. Trying to reconnect to Hub. retry_reason="Hub failed to launch: Io(\"child exited with exit status: 1 without writing file \\\"/tmp/hub-isaac-sim-74A0F920.config.json\\\"\")"
2026-07-10T18:27:52Z [5,188ms] [Warning] [carb.omniclient.plugin]  57: OmniHub: ThreadId(02) Hub encountered error. Trying to reconnect to Hub. retry_reason="Hub failed to launch: Io(\"child exited with exit status: 1 without writing file \\\"/tmp/hub-isaac-sim-74A0F920.config.json\\\"\")"
2026-07-10T18:27:53Z [5,490ms] [Warning] [carb.omniclient.plugin]  57: OmniHub: ThreadId(02) Hub encountered error. Trying to reconnect to Hub. retry_reason="Hub failed to launch: Io(\"child exited with exit status: 1 without writing file \\\"/tmp/hub-isaac-sim-74A0F920.config.json\\\"\")"
2026-07-10T18:27:53Z [5,802ms] [Warning] [carb.omniclient.plugin]  57: OmniHub: ThreadId(02) Hub encountered error. Trying to reconnect to Hub. retry_reason="Hub failed to launch: Io(\"child exited with exit status: 1 without writing file \\\"/tmp/hub-isaac-sim-74A0F920.config.json\\\"\")"
2026-07-10T18:27:53Z [6,124ms] [Warning] [carb.omniclient.plugin]  57: OmniHub: ThreadId(02) Hub encountered error. Trying to reconnect to Hub. retry_reason="Hub failed to launch: Io(\"child exited with exit status: 1 without writing file \\\"/tmp/hub-isaac-sim-74A0F920.config.json\\\"\")"
2026-07-10T18:27:54Z [6,457ms] [Warning] [carb.omniclient.plugin]  57: OmniHub: ThreadId(02) Hub encountered error. Trying to reconnect to Hub. retry_reason="Hub failed to launch: Io(\"child exited with exit status: 1 without writing file \\\"/tmp/hub-isaac-sim-74A0F920.config.json\\\"\")"
WARNING: All log messages before absl::InitializeLog() is called are written to STDERR
E0000 00:00:1783708078.903446      11 descriptor_database.cc:633] File already exists in database: grpc/health/v1/health.proto
W0000 00:00:1783708078.903520      11 message.cc:301] Protobuf GeneratedMessageFactory: File is already registered: grpc/health/v1/health.proto
2026-07-10T18:27:54Z [6,799ms] [Warning] [carb.omniclient.plugin]  57: OmniHub: ThreadId(02) Hub encountered error. Trying to reconnect to Hub. retry_reason="Hub failed to launch: Io(\"child exited with exit status: 1 without writing file \\\"/tmp/hub-isaac-sim-74A0F920.config.json\\\"\")"
2026-07-10T18:27:54Z [7,151ms] [Warning] [carb.omniclient.plugin]  57: OmniHub: ThreadId(02) Hub encountered error. Trying to reconnect to Hub. retry_reason="Hub failed to launch: Io(\"child exited with exit status: 1 without writing file \\\"/tmp/hub-isaac-sim-74A0F920.config.json\\\"\")"
2026-07-10T18:27:55Z [7,513ms] [Warning] [carb.omniclient.plugin]  57: OmniHub: ThreadId(02) Hub encountered error. Trying to reconnect to Hub. retry_reason="Hub failed to launch: Io(\"child exited with exit status: 1 without writing file \\\"/tmp/hub-isaac-sim-74A0F920.config.json\\\"\")"
2026-07-10T18:27:55Z [7,885ms] [Warning] [carb.omniclient.plugin]  57: OmniHub: ThreadId(02) Hub encountered error. Trying to reconnect to Hub. retry_reason="Hub failed to launch: Io(\"child exited with exit status: 1 without writing file \\\"/tmp/hub-isaac-sim-74A0F920.config.json\\\"\")"
2026-07-10T18:27:55Z [8,267ms] [Warning] [carb.omniclient.plugin]  57: OmniHub: ThreadId(02) Hub encountered error. Trying to reconnect to Hub. retry_reason="Hub failed to launch: Io(\"child exited with exit status: 1 without writing file \\\"/tmp/hub-isaac-sim-74A0F920.config.json\\\"\")"
2026-07-10T18:27:56Z [8,659ms] [Warning] [carb.omniclient.plugin]  57: OmniHub: ThreadId(02) Hub encountered error. Trying to reconnect to Hub. retry_reason="Hub failed to launch: Io(\"child exited with exit status: 1 without writing file \\\"/tmp/hub-isaac-sim-74A0F920.config.json\\\"\")"
2026-07-10T18:27:56Z [9,060ms] [Warning] [carb.omniclient.plugin]  57: OmniHub: ThreadId(02) Hub encountered error. Trying to reconnect to Hub. retry_reason="Hub failed to launch: Io(\"child exited with exit status: 1 without writing file \\\"/tmp/hub-isaac-sim-74A0F920.config.json\\\"\")"
2026-07-10T18:27:57Z [9,473ms] [Warning] [carb.omniclient.plugin]  57: OmniHub: ThreadId(02) Hub encountered error. Trying to reconnect to Hub. retry_reason="Hub failed to launch: Io(\"child exited with exit status: 1 without writing file \\\"/tmp/hub-isaac-sim-74A0F920.config.json\\\"\")"
2026-07-10T18:27:57Z [9,895ms] [Warning] [carb.omniclient.plugin]  57: OmniHub: ThreadId(02) Hub encountered error. Trying to reconnect to Hub. retry_reason="Hub failed to launch: Io(\"child exited with exit status: 1 without writing file \\\"/tmp/hub-isaac-sim-74A0F920.config.json\\\"\")"
2026-07-10T18:27:57Z [10,327ms] [Warning] [carb.omniclient.plugin]  57: OmniHub: ThreadId(02) Hub encountered error. Trying to reconnect to Hub. retry_reason="Hub failed to launch: Io(\"child exited with exit status: 1 without writing file \\\"/tmp/hub-isaac-sim-74A0F920.config.json\\\"\")"
2026-07-10T18:27:58Z [10,769ms] [Warning] [carb.omniclient.plugin]  57: OmniHub: ThreadId(02) Hub encountered error. Trying to reconnect to Hub. retry_reason="Hub failed to launch: Io(\"child exited with exit status: 1 without writing file \\\"/tmp/hub-isaac-sim-74A0F920.config.json\\\"\")"
[11.251s] [ext: omni.protobuf.lib-1.0.0] startup
[11.254s] [ext: omni.grpc.lib-1.0.0] startup
[11.263s] [ext: omni.metrics.core-0.0.3] startup
[11.264s] [ext: omni.datastore-0.0.0] startup
[11.266s] [ext: omni.gpu_foundation.shadercache.vulkan-1.0.0] startup
[11.287s] [ext: omni.hsscclient-1.1.4] startup
[11.291s] [ext: omni.stats-1.0.1] startup
[11.297s] [ext: omni.ujitso.default-1.0.0] startup
[11.310s] [ext: omni.gpu_foundation-0.0.0] startup
[11.693s] [ext: carb.windowing.plugins-1.0.1] startup
[11.694s] [ext: omni.kit.renderer.init-1.0.1] startup
2026-07-10T18:27:59Z [11,752ms] [Warning] [omni.platforminfo.plugin] failed to open the default display.  Can't verify X Server version.

|---------------------------------------------------------------------------------------------|
| Driver Version: 580.105.08    | Graphics API: Vulkan
|=============================================================================================|
| GPU | Name                             | Active | LDA | GPU Memory | Vendor-ID | LUID       |
|     |                                  |        |     |            | Device-ID | UUID       |
|     |                                  |        |     |            | Bus-ID    |            |
|---------------------------------------------------------------------------------------------|
| 0   | NVIDIA GeForce RTX 5090          | Yes: 0 |     | 32853   MB | 10de      | 0          |
|     |                                  |        |     |            | 2b85      | dfae664a.. |
|     |                                  |        |     |            | 0         |            |
|=============================================================================================|
| OS: 24.04.3 LTS (Noble Numbat) ubuntu, Version: 24.04.3, Kernel: 6.8.0-87-generic
| Processor: AMD EPYC 9654 96-Core Emb Processor
| Cores: 46 | Logical Cores: 46
|---------------------------------------------------------------------------------------------|
| Total Memory (MB): 50511 | Free Memory: 34443
| Total Page/Swap (MB): 0 | Free Page/Swap: 0
|---------------------------------------------------------------------------------------------|
[12.682s] [ext: omni.kit.pipapi-0.0.0] startup
[12.691s] [ext: omni.kit.pip_archive-0.0.0] startup
[12.696s] [ext: isaacsim.pip.newton-0.6.1] startup
[12.701s] [ext: omni.pip.compute-1.9.2] startup
[12.705s] [ext: omni.isaac.core_archive-5.3.1] startup
[12.710s] [ext: omni.kit.telemetry-0.5.2] startup
[12.789s] [ext: omni.kit.loop-isaac-1.6.0] startup
[12.797s] [ext: omni.kit.test-2.0.7] startup
[13.169s] [ext: omni.materialx.libs-1.0.9] startup
[13.183s] [ext: omni.gpucompute.plugins-0.0.0] startup
[13.184s] [ext: omni.usd.config-1.0.7] startup
[13.195s] [ext: omni.usd.libs-1.0.3] startup
[13.285s] [ext: omni.iray.libs-0.0.1] startup
[13.292s] [ext: omni.mdl-57.0.3] startup
[13.683s] [ext: omni.mdl.neuraylib-0.2.20] startup
[13.698s] [ext: omni.kit.usd.mdl-1.1.9] startup
[13.852s] [ext: omni.appwindow-1.2.2] startup
[13.858s] [ext: omni.kit.renderer.core-1.2.2] startup
2026-07-10T18:28:01Z [14,014ms] [Warning] [carb.windowing-glfw.plugin] GLFW initialization failed.
2026-07-10T18:28:01Z [14,014ms] [Warning] [carb] Failed to startup plugin carb.windowing-glfw.plugin (interfaces: [carb::windowing::IGLContext v1.0],[carb::windowing::IWindowing v1.5]) (impl: carb.windowing-glfw.plugin)
[14.087s] [ext: omni.kit.renderer.capture-2.0.1] startup
[14.098s] [ext: omni.kit.renderer.imgui-2.0.6] startup
2026-07-10T18:28:01Z [14,074ms] [Warning] [carb.windowing-glfw.plugin] GLFW initialization failed.
2026-07-10T18:28:01Z [14,074ms] [Warning] [carb] Failed to startup plugin carb.windowing-glfw.plugin (interfaces: [carb::windowing::IGLContext v1.0],[carb::windowing::IWindowing v1.5]) (impl: carb.windowing-glfw.plugin)
2026-07-10T18:28:01Z [14,077ms] [Warning] [carb.windowing-glfw.plugin] GLFW initialization failed.
2026-07-10T18:28:01Z [14,077ms] [Warning] [carb] Failed to startup plugin carb.windowing-glfw.plugin (interfaces: [carb::windowing::IGLContext v1.0],[carb::windowing::IWindowing v1.5]) (impl: carb.windowing-glfw.plugin)
[14.186s] [ext: omni.ui-3.2.0] startup
[14.210s] [ext: omni.kit.mainwindow-1.0.3] startup
[14.218s] [ext: carb.audio-0.1.0] startup
[14.223s] [ext: omni.uiaudio-1.0.0] startup
[14.229s] [ext: omni.kit.uiapp-0.0.0] startup
[14.229s] [ext: omni.usd.schema.metrics.assembler-110.1.0] startup
[14.241s] [ext: omni.usd.schema.audio-0.0.1] startup
[14.251s] [ext: omni.usd_resolver-1.0.0] startup
[14.261s] [ext: omni.usd.core-1.8.3] startup
[14.265s] [ext: omni.metropolis.schema-0.0.3] startup
[14.271s] [ext: isaacsim.anim.robot.schema-0.1.1] startup
[14.278s] [ext: omni.usd.schema.anim-0.0.1] startup
[14.314s] [ext: omni.usd.schema.geospatial-0.0.1] startup
[14.324s] [ext: omni.usd.schema.omnigraph-1.0.1] startup
[14.338s] [ext: omni.usd.schema.semantics-0.0.0] startup
[14.348s] [ext: omni.activity.core-1.0.3] startup
[14.354s] [ext: omni.cubric-0.1.0] startup
[14.355s] [ext: omni.graph.exec-0.9.6] startup
[14.355s] [ext: omni.hydra.scene_delegate-0.3.5] startup
[14.359s] [ext: usdrt.scenegraph-7.6.3] startup
[14.423s] [ext: omni.hydra.usdrt_delegate-7.5.2] startup
[14.436s] [ext: omni.inspect-1.0.2] startup
[14.443s] [ext: omni.kit.actions.core-1.0.0] startup
[14.454s] [ext: omni.kit.audiodeviceenum-1.0.2] startup
[14.461s] [ext: omni.kit.commands-1.5.0] startup
[14.482s] [ext: omni.kit.exec.core-0.13.5] startup
[14.493s] [ext: omni.kit.usd_undo-0.1.8] startup
[14.500s] [ext: omni.kit.window.popup_dialog-2.0.25] startup
[14.519s] [ext: omni.kit.widget.nucleus_connector-2.3.1] startup
[14.545s] [ext: omni.timeline-1.1.0] startup
[14.552s] [ext: omni.usd-1.16.0] startup
[14.691s] [ext: omni.graph.core-3.1.2] startup
[14.695s] [ext: omni.kit.notification_manager-1.0.11] startup
[14.707s] [ext: isaacsim.core.deprecation_manager-0.4.2] startup
[14.714s] [ext: isaacsim.replicator.agent.schema-0.1.1] startup
[14.722s] [ext: isaacsim.robot.schema-6.3.7] startup
[14.751s] [ext: isaacsim.robot_motion.schema-0.2.1] startup
[14.759s] [ext: omni.anim.behavior.schema-110.1.0] startup
[14.771s] [ext: omni.anim.graph.schema-110.1.1] startup
[14.786s] [ext: omni.anim.navigation.schema-110.1.0] startup
[14.797s] [ext: omni.behavior.tree.schema-110.1.0] startup
[14.805s] [ext: omni.isaac.ml_archive-3.3.0] startup
[14.811s] [ext: omni.kit.asset_converter-6.0.1] startup
[14.842s] [ext: omni.pip.cloud-1.5.4] startup
[14.864s] [ext: omni.usd.schema.flow-110.0.0] startup
[14.870s] [ext: omni.usd.schema.mujoco-1.1.1] startup
[14.876s] [ext: omni.usd.schema.newton-1.2.1] startup
[14.884s] [ext: omni.usd.schema.omni_lens_distortion-1.0.0] startup
[14.891s] [ext: omni.usd.schema.omni_projectors-1.0.0] startup
[14.896s] [ext: omni.usd.schema.omni_sensors-0.0.0] startup
[14.915s] [ext: omni.usd.schema.omniscripting-1.0.1] startup
[14.928s] [ext: omni.usd.schema.physical_lighting-0.1.0] startup
[14.940s] [ext: omni.usd.schema.physx-110.1.13] startup
[14.987s] [ext: omni.usd.schema.render_settings.rtx-1.0.2] startup
[14.999s] [ext: omni.usd.schema.usd_particle_field-1.0.0] startup
[15.004s] [ext: isaacsim.core.version-2.1.1] startup
[15.011s] [ext: omni.kit.menu.core-1.2.0] startup
[15.021s] [ext: omni.kit.menu.utils-2.2.4] startup
[15.073s] [ext: isaacsim.app.about-2.3.1] startup
[15.091s] [ext: isaacsim.asset.transformer-1.2.5] startup
[15.107s] [ext: omni.scene.optimizer.core-110.1.0] startup
[15.186s] [ext: isaacsim.asset.importer.utils-1.8.1] startup
[15.207s] [ext: omni.convexdecomposition-110.1.13] startup
[15.216s] [ext: omni.physics-110.1.13] startup
[15.228s] [ext: omni.physx.gpu-110.1.13] startup
[15.228s] [ext: omni.physx.foundation-110.1.13] startup
[15.236s] [ext: omni.usdphysics-110.1.13] startup
[15.244s] [ext: omni.physx.cooking-110.1.13] startup
[15.252s] [ext: omni.physx-110.1.13] startup
[15.284s] [ext: omni.physics.physx-110.1.13] startup
[15.292s] [ext: isaacsim.asset.exporter.urdf-2.0.5] startup
[15.336s] [ext: omni.kit.clipboard-1.1.1] startup
[15.343s] [ext: omni.kit.usd.layers-2.6.1] startup
[15.389s] [ext: omni.kit.widget.context_menu-1.4.0] startup
[15.403s] [ext: omni.kit.context_menu-1.9.0] startup
[15.421s] [ext: omni.kit.helper.file_utils-0.1.10] startup
[15.432s] [ext: omni.kit.widget.nucleus_info-2.0.2] startup
[15.441s] [ext: omni.kit.search_core-1.0.8] startup
[15.449s] [ext: omni.kit.widget.path_field-2.0.13] startup
[15.461s] [ext: omni.kit.widget.browser_bar-2.0.10] startup
[15.471s] [ext: omni.kit.widget.filebrowser-2.13.4] startup
[15.514s] [ext: omni.kit.widget.options_menu-1.1.6] startup
[15.536s] [ext: omni.kit.widget.options_button-1.0.3] startup
[15.542s] [ext: omni.kit.widget.search_delegate-1.0.9] startup
[15.552s] [ext: omni.ui.scene-2.0.3] startup
[15.565s] [ext: omni.kit.window.filepicker-2.15.5] startup
[15.679s] [ext: omni.kit.window.file_importer-1.1.21] startup
[15.692s] [ext: omni.kit.material.library-3.1.2] startup
[15.735s] [ext: isaacsim.asset.transformer.rules-1.7.10] startup
[15.835s] [ext: omni.usdex.libs-2.2.2] startup
[15.854s] [ext: isaacsim.asset.importer.mjcf-3.10.1] startup
[15.868s] [ext: isaacsim.asset.importer.urdf-3.11.2] startup
[15.893s] [ext: omni.kit.primitive.mesh-1.1.0] startup
[15.919s] [ext: omni.kit.stage_template.core-1.1.22] startup
[15.928s] [ext: omni.kit.stage_templates-2.0.2] startup
[15.942s] [ext: omni.usd.metrics.assembler-110.1.2] startup
[15.954s] [ext: omni.warp.core-1.13.0] startup
[16.476s] [ext: isaacsim.core.experimental.utils-0.17.2] startup
[16.487s] [ext: omni.physics.stageupdate-110.1.13] startup
[16.497s] [ext: omni.physics.tensors-110.1.13] startup
[16.523s] [ext: omni.physx.tensors-110.1.13] startup
[16.527s] [ext: isaacsim.core.simulation_manager-1.15.6] startup
[16.578s] [ext: isaacsim.storage.native-1.9.3] startup
[16.592s] [ext: omni.usd.metrics.assembler.physics-110.1.13] startup
[16.608s] [ext: isaacsim.core.utils-4.1.7] startup
[16.626s] [ext: isaacsim.core.prims-0.11.7] startup
[20.370s] [ext: isaacsim.core.api-5.2.13] startup
[20.453s] [ext: isaacsim.core.cloner-1.7.3] startup
[20.465s] [ext: isaacsim.test.docstring-1.3.2] startup
[20.505s] [ext: isaacsim.core.experimental.prims-1.8.9] startup
[20.604s] [ext: isaacsim.core.experimental.primdata-0.3.2] startup
[20.608s] [ext: omni.graph.tools-1.81.0] startup
[20.787s] [ext: omni.graph-1.142.5] startup
[20.948s] [ext: isaacsim.core.experimental.actuators-0.1.2] startup
[21.023s] [ext: isaacsim.core.experimental.materials-0.7.1] startup
[21.057s] [ext: isaacsim.core.experimental.objects-0.8.1] startup
[21.435s] [ext: omni.hydra.engine.stats-1.0.5] startup
[21.445s] [ext: omni.hydra.rtx.shadercache.vulkan-1.0.0] startup
[21.454s] [ext: omni.index.libs-387500.4413.0] startup
[21.454s] [ext: omni.index-1.0.1] startup
[21.455s] [ext: omni.ujitso.client-0.0.0] startup
[21.456s] [ext: omni.usd.schema.playback-1.0.0] startup
[21.467s] [ext: omni.volume-0.5.2] startup
[21.477s] [ext: omni.hydra.rtx-1.0.4] startup
2026-07-10T18:28:09Z [21,466ms] [Warning] [omni.log] Source: omni.hydra was already registered.
[21.525s] [ext: omni.kit.hydra_texture-1.6.0] startup
[21.539s] [ext: omni.kit.raycast.query-1.2.0] startup
[21.553s] [ext: omni.kit.viewport.legacy_gizmos-1.0.24] startup
[21.563s] [ext: omni.kit.viewport.registry-104.0.6] startup
[21.572s] [ext: omni.kit.viewport.scene_camera_model-1.0.7] startup
[21.584s] [ext: omni.kit.widget.viewport-109.2.0] startup
[21.619s] [ext: omni.kit.window.drop_support-1.0.8] startup
[21.627s] [ext: omni.kit.viewport.window-109.0.2] startup
[21.700s] [ext: omni.kit.viewport.utility-2.0.1] startup
[21.711s] [ext: isaacsim.core.rendering_manager-0.4.3] startup
[21.756s] [ext: omni.graph.action_core-1.1.9] startup
[21.767s] [ext: omni.graph.action_nodes_core-2.11.0] startup
[21.778s] [ext: omni.graph.action_nodes-2.11.0] startup
[22.066s] [ext: omni.graph.action-2.10.2] startup
[22.077s] [ext: omni.graph.image.core-0.6.1] startup
[22.081s] [ext: omni.graph.image.nodes-1.3.1] startup
[22.085s] [ext: omni.graph.nodes_core-2.11.0] startup
[22.113s] [ext: omni.graph.nodes-2.12.0] startup
[22.140s] [ext: omni.kit.hotkeys.core-1.3.12] startup
[22.142s] [ext: omni.kit.property.adapter.core-1.1.1] startup
[22.164s] [ext: omni.kit.property.adapter.usd-1.0.5] startup
[22.182s] [ext: omni.kit.widget.filter-1.1.5] startup
[22.194s] [ext: omni.kit.widget.highlight_label-1.0.3] startup
[22.206s] [ext: omni.kit.widget.searchfield-1.1.8] startup
[22.226s] [ext: omni.kit.window.file_exporter-1.0.36] startup
[22.238s] [ext: omni.kit.widget.stage-4.4.0] startup
[22.306s] [ext: omni.kit.window.content_browser_registry-0.0.6] startup
[22.316s] [ext: omni.kit.window.file-2.0.10] startup
[22.341s] [ext: omni.kit.window.content_browser-3.1.8] startup
[22.376s] [ext: omni.kit.window.property-1.15.1] startup
[22.490s] [ext: omni.kit.property.usd-4.9.4] startup
[22.598s] [ext: omni.graph.scriptnode-2.10.2] startup
[22.634s] [ext: omni.kit.widget.searchable_combobox-1.0.7] startup
[22.646s] [ext: omni.kit.widget.settings-2.0.0] startup
[22.666s] [ext: omni.kit.window.preferences-1.8.3] startup
[22.708s] [ext: omni.kit.viewport.menubar.core-107.2.2] startup
[22.776s] [ext: omni.syntheticdata-0.6.15] startup
[22.900s] [ext: omni.replicator.nv-1.1.1] startup
[22.918s] [ext: omni.videoencoding-0.2.1] startup
[22.932s] [ext: omni.replicator.core-1.13.27] startup
2026-07-10T18:28:10Z [23,019ms] [Warning] [pxr.Semantics] pxr.Semantics is deprecated - please use Semantics instead
2026-07-10T18:28:10Z [23,263ms] [Warning] [omni.replicator.core.scripts.extension] No material configuration file, adding configuration to material settings directly.
[24.049s] [ext: isaacsim.core.nodes-5.10.5] startup
[24.206s] [ext: isaacsim.core.throttling-2.3.5] startup
[24.217s] [ext: omni.kit.manipulator.viewport-107.0.1] startup
[24.227s] [ext: omni.graph.visualization.nodes-2.1.4] startup
[24.326s] [ext: omni.kit.window.extensions-1.5.10] startup
[24.380s] [ext: isaacsim.gui.components-1.8.5] startup
[24.423s] [ext: isaacsim.robot.surface_gripper-3.6.2] startup
[24.464s] [ext: isaacsim.robot.manipulators-3.4.4] startup
[24.510s] [ext: isaacsim.robot_motion.lula-4.1.3] startup
[24.527s] [ext: isaacsim.robot_motion.motion_generation-8.2.9] startup
[24.566s] [ext: isaacsim.cortex.framework-1.0.18] startup
[24.574s] [ext: isaacsim.cortex.behaviors-2.0.17] startup
[24.582s] [ext: isaacsim.examples.base-1.3.2] startup
[24.592s] [ext: omni.kit.widget.zoombar-1.0.7] startup
[24.602s] [ext: omni.kit.browser.core-2.3.18] startup
[24.632s] [ext: omni.kit.browser.folder.core-2.0.2] startup
[24.672s] [ext: omni.kit.widget.stage_icons-1.0.8] startup
[24.681s] [ext: omni.kit.window.stage-2.6.1] startup
[24.695s] [ext: omni.kit.menu.stage-1.2.7] startup
[24.706s] [ext: omni.kit.usd.collect-3.0.6] startup
[24.731s] [ext: omni.kit.widget.prompt-1.0.7] startup
[24.741s] [ext: omni.kit.tool.collect-2.2.19] startup
[24.760s] [ext: isaacsim.examples.browser-0.3.2] startup
[24.774s] [ext: omni.kit.search.files-1.0.4] startup
[24.783s] [ext: omni.kit.widget.calendar-1.0.9] startup
[24.795s] [ext: omni.kit.widget.extended_searchfield-1.0.31] startup
[24.841s] [ext: omni.simready.content.browser-0.3.7] startup
[25.364s] [ext: isaacsim.gui.content_browser-0.4.3] startup
[25.379s] [ext: omni.kit.selection-0.1.6] startup
[25.388s] [ext: isaacsim.gui.menu-2.10.5] startup
[25.430s] [ext: isaacsim.gui.property-1.6.4] startup
[25.476s] [ext: omni.kit.viewport.actions-110.0.0] startup
[25.493s] [ext: omni.kit.viewport.menubar.display-107.1.3] startup
[25.506s] [ext: isaacsim.gui.sensors.icon-2.2.1] startup
[25.525s] [ext: omni.behavior.scripting.core-110.1.0] startup
[25.550s] [ext: isaacsim.replicator.behavior-1.5.4] startup
[25.557s] [ext: isaacsim.replicator.experimental.domain_randomization-1.2.5] startup
[25.640s] [ext: isaacsim.replicator.domain_randomization-1.2.2] startup
[25.764s] [ext: isaacsim.replicator.writers-1.5.4] startup
[25.909s] [ext: isaacsim.robot.experimental.wheeled_robots-0.2.11] startup
[26.027s] [ext: isaacsim.robot.policy.examples-5.2.12] startup
[26.132s] [ext: isaacsim.robot.wheeled_robots-5.2.4] startup
[26.156s] [ext: isaacsim.robot.wheeled_robots.nodes-0.1.5] startup
[26.271s] [ext: isaacsim.robot_motion.experimental.motion_generation-6.1.3] startup
[26.325s] [ext: isaacsim.robot_motion.cumotion-1.3.1] startup
[26.372s] [ext: omni.kit.numpy.common-0.1.3] startup
[26.381s] [ext: isaacsim.sensors.camera-1.7.9] startup
[26.457s] [ext: isaacsim.sensors.experimental.physics-3.0.2] startup
[26.488s] [ext: omni.sensors.net-1.0.1] startup
[26.498s] [ext: omni.sensors.nv.common-3.0.0] startup
[26.524s] [ext: omni.sensors.nv.materials-2.0.0] startup
[26.535s] [ext: omni.sensors.nv.acoustic-3.0.0] startup
[26.540s] [ext: omni.sensors.nv.ids-2.0.1] startup
[26.543s] [ext: omni.sensors.nv.lidar-3.0.0] startup
[26.556s] [ext: omni.sensors.nv.radar-3.0.0] startup
[26.560s] [ext: isaacsim.sensors.experimental.rtx-1.4.6] startup
[27.276s] [ext: isaacsim.sensors.physics.nodes-1.5.3] startup
[27.297s] [ext: isaacsim.util.debug_draw-3.2.3] startup
[27.316s] [ext: isaacsim.sensors.physx-2.5.5] startup
[27.343s] [ext: isaacsim.sensors.rtx-15.17.1] startup
[27.379s] [ext: isaacsim.simulation_app-2.18.4] startup
[27.380s] [ext: omni.anim.curve.core-1.6.0] startup
[27.425s] [ext: omni.graph.ui_nodes-2.11.1] startup
[27.898s] [ext: omni.hydra.scene_api-0.1.3] startup
[27.919s] [ext: omni.kit.manipulator.camera-110.0.0] startup
[27.973s] [ext: omni.kit.manipulator.selector-1.1.4] startup
[27.984s] [ext: omni.kit.manipulator.transform-107.0.0] startup
[28.016s] [ext: omni.kit.widget.toolbar-2.1.0] startup
[28.052s] [ext: omni.kit.manipulator.tool.snap-1.5.14] startup
[28.076s] [ext: omni.kit.viewport.manipulator.transform-107.0.4] startup
[28.091s] [ext: omni.kit.manipulator.prim.core-108.0.2] startup
[28.129s] [ext: omni.kit.manipulator.prim.usd-107.0.3] startup
[28.142s] [ext: omni.kit.manipulator.prim-108.0.0] startup
[28.142s] [ext: omni.kit.manipulator.selection-109.0.1] startup
[28.153s] [ext: omni.kit.menu.create-2.0.2] startup
[28.164s] [ext: omni.kit.property.audio-1.0.16] startup
[28.182s] [ext: omni.kit.property.camera-1.0.14] startup
[28.194s] [ext: omni.kit.property.geometry-2.1.2] startup
[28.216s] [ext: omni.kit.property.light-1.0.14] startup
2026-07-10T18:28:15Z [28,255ms] [Warning] [omni.usd] Encountered USD Warnings but USD Diagnostics are currently muted. To view USD Warnings, please set the '/persistent/app/usd/muteUsdDiagnostics' setting to false in Preferences page.
[28.307s] [ext: omni.kit.property.material-1.14.6] startup
[28.359s] [ext: omni.kit.property.render-1.2.2] startup
[28.368s] [ext: omni.kit.property.transform-1.6.9] startup
[28.412s] [ext: omni.kit.property.bundle-1.5.1] startup
[28.424s] [ext: omni.kit.usdz_export-1.1.0] startup
[28.438s] [ext: omni.kit.tool.asset_importer-6.0.1] startup
[28.482s] [ext: omni.kit.ui.actions-1.0.5] startup
[28.494s] [ext: omni.kit.viewport.menubar.camera-107.0.10] startup
[28.527s] [ext: omni.kit.viewport.menubar.lighting-107.3.2] startup
[28.549s] [ext: omni.kit.viewport.menubar.render-110.0.0] startup
[28.572s] [ext: omni.kit.viewport.menubar.settings-110.0.1] startup
[28.604s] [ext: omni.kit.window.console-1.1.9] startup
[28.625s] [ext: omni.kit.window.status_bar-0.1.11] startup
[28.637s] [ext: omni.kit.window.toolbar-3.0.3] startup
[28.649s] [ext: omni.ocio-0.1.1] startup
[28.655s] [ext: omni.physx.commands-110.1.13] startup
[28.686s] [ext: omni.replicator.replicator_yaml-2.0.12] startup
[28.738s] [ext: omni.rtx.window.settings-0.8.0] startup
[28.758s] [ext: omni.rtx.settings.core-0.7.1] startup
[28.790s] [ext: omni.usd.metrics.assembler.ui-110.1.1] startup
[28.816s] [ext: semantics.schema.editor-2.0.2] startup
[28.834s] [ext: semantics.schema.property-2.0.2] startup
[28.844s] [ext: omni.kit.menu.common-2.0.2] startup
[28.854s] [ext: isaacsim.exp.base-6.0.1] startup
[28.854s] [ext: isaacsim.exp.base.python-6.0.1] startup
[28.858s] Simulation App Starting
[31.973s] Simulation App Startup Complete
[31.976s] app ready
Starting kit application with the following args:  ['/isaac-sim/exts/isaacsim.simulation_app/isaacsim/simulation_app/simulation_app.py', '/isaac-sim/apps/isaacsim.exp.base.python.kit', '--/app/tokens/exe-path=/isaac-sim/kit', '--/persistent/app/viewport/displayOptions=3094', '--/rtx/materialDb/syncLoads=True', '--/rtx/hydra/materialSyncLoads=True', '--/omni/kit/plugin/syncUsdLoads=True', '--/app/renderer/resolution/width=1280', '--/app/renderer/resolution/height=720', '--/app/window/width=1440', '--/app/window/height=900', '--/renderer/multiGpu/enabled=True', '--/app/fastShutdown=True', '--/app/installSignalHandlers=0', '--ext-folder', '/isaac-sim/exts', '--ext-folder', '/isaac-sim/apps', '--/physics/cudaDevice=0', '--/plugins/carb.tasking.plugin/threadCount=32', '--/plugins/omni.tbb.globalcontrol/maxThreadCount=32', '--portable', '--no-window', '--/app/window/hideUi=1']
Passing the following args to the base kit application:  ['--out', '/workspace/sortmaster_out/audit_v17']
Warp 1.13.0 initialized:
   CUDA Toolkit 12.9, Driver 13.0
   Devices:
     "cpu"      : "x86_64"
     "cuda:0"   : "NVIDIA GeForce RTX 5090" (31 GiB, sm_120, mempool enabled)
   Kernel cache:
     /isaac-sim/.cache/warp/1.13.0
[dressing] official conveyor shells referenced
[dressing] RealSense D455 sensor assets referenced
[dressing] logo board fallback ([Errno 2] No such file or directory: '/tmp/sortmaster_signs/ozon_logo.png')
[audit] tray colliders=4 statics=62
[audit] tray near-pairs=73 tray violations=32 arm violations=0
  VIOLATION {"mover": "/World/sorter/tray0/lip_e", "static": "/World/conveyors/bconnect", "min_clearance_mm": -58.9, "at_x": 8.3, "at_tilt_deg": -9.7}
  VIOLATION {"mover": "/World/sorter/tray0/lip_w", "static": "/World/conveyors/bconnect", "min_clearance_mm": -58.9, "at_x": 8.45, "at_tilt_deg": -9.7}
  VIOLATION {"mover": "/World/sorter/tray0/plate_n", "static": "/World/conveyors/bconnect", "min_clearance_mm": -55.8, "at_x": 8.3, "at_tilt_deg": -6.5}
  VIOLATION {"mover": "/World/sorter/tray0/plate_s", "static": "/World/statics/chuteC_cheek_l", "min_clearance_mm": 2.1, "at_x": 7.65, "at_tilt_deg": 38.8}
  VIOLATION {"mover": "/World/sorter/tray0/plate_s", "static": "/World/statics/chuteC_cheek_r", "min_clearance_mm": 2.1, "at_x": 7.35, "at_tilt_deg": 38.8}
  VIOLATION {"mover": "/World/sorter/tray0/plate_s", "static": "/World/statics/chuteD_cheek_l", "min_clearance_mm": 2.1, "at_x": 8.95, "at_tilt_deg": 38.8}
  VIOLATION {"mover": "/World/sorter/tray0/plate_s", "static": "/World/statics/chuteD_cheek_r", "min_clearance_mm": 2.1, "at_x": 8.65, "at_tilt_deg": 38.8}
  VIOLATION {"mover": "/World/sorter/tray0/plate_n", "static": "/World/statics/chuteREVIEW_cheek_l", "min_clearance_mm": 2.1, "at_x": 9.1, "at_tilt_deg": -38.8}
  VIOLATION {"mover": "/World/sorter/tray0/plate_n", "static": "/World/statics/chuteREVIEW_cheek_r", "min_clearance_mm": 2.1, "at_x": 8.45, "at_tilt_deg": -38.8}
  VIOLATION {"mover": "/World/sorter/tray0/plate_n", "static": "/World/statics/train_pan", "min_clearance_mm": 10.1, "at_x": 8.3, "at_tilt_deg": -38.8}
  VIOLATION {"mover": "/World/sorter/tray0/plate_s", "static": "/World/statics/train_pan", "min_clearance_mm": 10.1, "at_x": 7.35, "at_tilt_deg": 38.8}
  VIOLATION {"mover": "/World/sorter/tray0/lip_e", "static": "/World/statics/chuteREVIEW_rail_l", "min_clearance_mm": 10.3, "at_x": 9.1, "at_tilt_deg": -30.7}
  VIOLATION {"mover": "/World/sorter/tray0/lip_e", "static": "/World/statics/chuteREVIEW_rail_r", "min_clearance_mm": 10.3, "at_x": 8.45, "at_tilt_deg": -30.7}
  VIOLATION {"mover": "/World/sorter/tray0/lip_e", "static": "/World/statics/chuteC_rail_l", "min_clearance_mm": 10.3, "at_x": 7.5, "at_tilt_deg": 30.7}
  VIOLATION {"mover": "/World/sorter/tray0/lip_w", "static": "/World/statics/chuteC_rail_r", "min_clearance_mm": 10.3, "at_x": 7.35, "at_tilt_deg": 30.7}
  VIOLATION {"mover": "/World/sorter/tray0/lip_e", "static": "/World/statics/chuteD_rail_l", "min_clearance_mm": 10.3, "at_x": 8.8, "at_tilt_deg": 30.7}
  VIOLATION {"mover": "/World/sorter/tray0/lip_w", "static": "/World/statics/chuteD_rail_r", "min_clearance_mm": 10.3, "at_x": 8.65, "at_tilt_deg": 30.7}
  VIOLATION {"mover": "/World/sorter/tray0/lip_e", "static": "/World/statics/chuteC_cheek_l", "min_clearance_mm": 12.6, "at_x": 7.5, "at_tilt_deg": 38.8}
  VIOLATION {"mover": "/World/sorter/tray0/lip_w", "static": "/World/statics/chuteC_cheek_r", "min_clearance_mm": 12.6, "at_x": 7.35, "at_tilt_deg": 38.8}
  VIOLATION {"mover": "/World/sorter/tray0/lip_e", "static": "/World/statics/chuteD_cheek_l", "min_clearance_mm": 12.6, "at_x": 8.8, "at_tilt_deg": 38.8}
  VIOLATION {"mover": "/World/sorter/tray0/lip_w", "static": "/World/statics/chuteD_cheek_r", "min_clearance_mm": 12.6, "at_x": 8.65, "at_tilt_deg": 38.8}
  VIOLATION {"mover": "/World/sorter/tray0/lip_e", "static": "/World/statics/chuteREVIEW_cheek_l", "min_clearance_mm": 12.6, "at_x": 9.1, "at_tilt_deg": -38.8}
  VIOLATION {"mover": "/World/sorter/tray0/lip_e", "static": "/World/statics/chuteREVIEW_cheek_r", "min_clearance_mm": 12.6, "at_x": 8.45, "at_tilt_deg": -38.8}
  VIOLATION {"mover": "/World/sorter/tray0/plate_s", "static": "/World/statics/chuteC_chamfer", "min_clearance_mm": 14.1, "at_x": 7.35, "at_tilt_deg": 38.8}
  VIOLATION {"mover": "/World/sorter/tray0/plate_s", "static": "/World/statics/chuteD_chamfer", "min_clearance_mm": 14.1, "at_x": 8.65, "at_tilt_deg": 38.8}
[audit] FAIL
[44.916s] Simulation App Shutting Down
[pipeline] audit rc=0
[pipeline] stills
=== still hero_ne (hero_ne) ===
=== still mech_c_side (mech_c_side) ===
=== still b_transfer (b_transfer) ===
=== still cage_closeup (deck_front) ===
=== STILLS DONE ===
[pipeline] fault_jam recheck (relocated arm)
2026-07-10T18:28:40Z [Info] [carb] Logging to file: /isaac-sim/kit/logs/Kit/Isaac-Sim Python/6.0/kit_20260710_182840.log
[0.082s] [ext: omni.assets.plugins-0.0.0] startup
[0.083s] [ext: omni.blobkey-1.1.2] startup
[0.083s] [ext: omni.kit.async_engine-0.0.3] startup
[0.942s] [ext: omni.client.lib-1.1.1] startup
[0.974s] [ext: omni.client-1.3.0] startup
2026-07-10T18:28:41Z [1,005ms] [Warning] [carb.omniclient.plugin]  102: OmniHub: ThreadId(02) Hub encountered error. Trying to reconnect to Hub. retry_reason="Hub failed to launch: Io(\"child exited with exit status: 1 without writing file \\\"/tmp/hub-isaac-sim-AB6A5E1C.config.json\\\"\")"
2026-07-10T18:28:41Z [1,076ms] [Warning] [carb.omniclient.plugin]  102: OmniHub: ThreadId(02) Hub encountered error. Trying to reconnect to Hub. retry_reason="Hub failed to launch: Io(\"child exited with exit status: 1 without writing file \\\"/tmp/hub-isaac-sim-AB6A5E1C.config.json\\\"\")"
2026-07-10T18:28:41Z [1,158ms] [Warning] [carb.omniclient.plugin]  102: OmniHub: ThreadId(02) Hub encountered error. Trying to reconnect to Hub. retry_reason="Hub failed to launch: Io(\"child exited with exit status: 1 without writing file \\\"/tmp/hub-isaac-sim-AB6A5E1C.config.json\\\"\")"
2026-07-10T18:28:41Z [1,250ms] [Warning] [carb.omniclient.plugin]  102: OmniHub: ThreadId(02) Hub encountered error. Trying to reconnect to Hub. retry_reason="Hub failed to launch: Io(\"child exited with exit status: 1 without writing file \\\"/tmp/hub-isaac-sim-AB6A5E1C.config.json\\\"\")"
2026-07-10T18:28:41Z [1,353ms] [Warning] [carb.omniclient.plugin]  102: OmniHub: ThreadId(02) Hub encountered error. Trying to reconnect to Hub. retry_reason="Hub failed to launch: Io(\"child exited with exit status: 1 without writing file \\\"/tmp/hub-isaac-sim-AB6A5E1C.config.json\\\"\")"
2026-07-10T18:28:41Z [1,464ms] [Warning] [carb.omniclient.plugin]  102: OmniHub: ThreadId(02) Hub encountered error. Trying to reconnect to Hub. retry_reason="Hub failed to launch: Io(\"child exited with exit status: 1 without writing file \\\"/tmp/hub-isaac-sim-AB6A5E1C.config.json\\\"\")"
2026-07-10T18:28:41Z [1,586ms] [Warning] [carb.omniclient.plugin]  102: OmniHub: ThreadId(02) Hub encountered error. Trying to reconnect to Hub. retry_reason="Hub failed to launch: Io(\"child exited with exit status: 1 without writing file \\\"/tmp/hub-isaac-sim-AB6A5E1C.config.json\\\"\")"
2026-07-10T18:28:41Z [1,719ms] [Warning] [carb.omniclient.plugin]  102: OmniHub: ThreadId(02) Hub encountered error. Trying to reconnect to Hub. retry_reason="Hub failed to launch: Io(\"child exited with exit status: 1 without writing file \\\"/tmp/hub-isaac-sim-AB6A5E1C.config.json\\\"\")"
2026-07-10T18:28:42Z [1,861ms] [Warning] [carb.omniclient.plugin]  102: OmniHub: ThreadId(02) Hub encountered error. Trying to reconnect to Hub. retry_reason="Hub failed to launch: Io(\"child exited with exit status: 1 without writing file \\\"/tmp/hub-isaac-sim-AB6A5E1C.config.json\\\"\")"
2026-07-10T18:28:42Z [2,014ms] [Warning] [carb.omniclient.plugin]  102: OmniHub: ThreadId(02) Hub encountered error. Trying to reconnect to Hub. retry_reason="Hub failed to launch: Io(\"child exited with exit status: 1 without writing file \\\"/tmp/hub-isaac-sim-AB6A5E1C.config.json\\\"\")"
2026-07-10T18:28:42Z [2,176ms] [Warning] [carb.omniclient.plugin]  102: OmniHub: ThreadId(02) Hub encountered error. Trying to reconnect to Hub. retry_reason="Hub failed to launch: Io(\"child exited with exit status: 1 without writing file \\\"/tmp/hub-isaac-sim-AB6A5E1C.config.json\\\"\")"
2026-07-10T18:28:42Z [2,348ms] [Warning] [carb.omniclient.plugin]  102: OmniHub: ThreadId(02) Hub encountered error. Trying to reconnect to Hub. retry_reason="Hub failed to launch: Io(\"child exited with exit status: 1 without writing file \\\"/tmp/hub-isaac-sim-AB6A5E1C.config.json\\\"\")"
2026-07-10T18:28:42Z [2,531ms] [Warning] [carb.omniclient.plugin]  102: OmniHub: ThreadId(02) Hub encountered error. Trying to reconnect to Hub. retry_reason="Hub failed to launch: Io(\"child exited with exit status: 1 without writing file \\\"/tmp/hub-isaac-sim-AB6A5E1C.config.json\\\"\")"
2026-07-10T18:28:42Z [2,723ms] [Warning] [carb.omniclient.plugin]  102: OmniHub: ThreadId(02) Hub encountered error. Trying to reconnect to Hub. retry_reason="Hub failed to launch: Io(\"child exited with exit status: 1 without writing file \\\"/tmp/hub-isaac-sim-AB6A5E1C.config.json\\\"\")"
2026-07-10T18:28:43Z [2,925ms] [Warning] [carb.omniclient.plugin]  102: OmniHub: ThreadId(02) Hub encountered error. Trying to reconnect to Hub. retry_reason="Hub failed to launch: Io(\"child exited with exit status: 1 without writing file \\\"/tmp/hub-isaac-sim-AB6A5E1C.config.json\\\"\")"
2026-07-10T18:28:43Z [3,137ms] [Warning] [carb.omniclient.plugin]  102: OmniHub: ThreadId(02) Hub encountered error. Trying to reconnect to Hub. retry_reason="Hub failed to launch: Io(\"child exited with exit status: 1 without writing file \\\"/tmp/hub-isaac-sim-AB6A5E1C.config.json\\\"\")"
2026-07-10T18:28:43Z [3,359ms] [Warning] [carb.omniclient.plugin]  102: OmniHub: ThreadId(02) Hub encountered error. Trying to reconnect to Hub. retry_reason="Hub failed to launch: Io(\"child exited with exit status: 1 without writing file \\\"/tmp/hub-isaac-sim-AB6A5E1C.config.json\\\"\")"
2026-07-10T18:28:43Z [3,591ms] [Warning] [carb.omniclient.plugin]  102: OmniHub: ThreadId(02) Hub encountered error. Trying to reconnect to Hub. retry_reason="Hub failed to launch: Io(\"child exited with exit status: 1 without writing file \\\"/tmp/hub-isaac-sim-AB6A5E1C.config.json\\\"\")"
2026-07-10T18:28:44Z [3,833ms] [Warning] [carb.omniclient.plugin]  102: OmniHub: ThreadId(02) Hub encountered error. Trying to reconnect to Hub. retry_reason="Hub failed to launch: Io(\"child exited with exit status: 1 without writing file \\\"/tmp/hub-isaac-sim-AB6A5E1C.config.json\\\"\")"
2026-07-10T18:28:44Z [4,085ms] [Warning] [carb.omniclient.plugin]  102: OmniHub: ThreadId(02) Hub encountered error. Trying to reconnect to Hub. retry_reason="Hub failed to launch: Io(\"child exited with exit status: 1 without writing file \\\"/tmp/hub-isaac-sim-AB6A5E1C.config.json\\\"\")"
2026-07-10T18:28:44Z [4,348ms] [Warning] [carb.omniclient.plugin]  102: OmniHub: ThreadId(02) Hub encountered error. Trying to reconnect to Hub. retry_reason="Hub failed to launch: Io(\"child exited with exit status: 1 without writing file \\\"/tmp/hub-isaac-sim-AB6A5E1C.config.json\\\"\")"
2026-07-10T18:28:44Z [4,619ms] [Warning] [carb.omniclient.plugin]  102: OmniHub: ThreadId(02) Hub encountered error. Trying to reconnect to Hub. retry_reason="Hub failed to launch: Io(\"child exited with exit status: 1 without writing file \\\"/tmp/hub-isaac-sim-AB6A5E1C.config.json\\\"\")"
2026-07-10T18:28:45Z [4,902ms] [Warning] [carb.omniclient.plugin]  102: OmniHub: ThreadId(02) Hub encountered error. Trying to reconnect to Hub. retry_reason="Hub failed to launch: Io(\"child exited with exit status: 1 without writing file \\\"/tmp/hub-isaac-sim-AB6A5E1C.config.json\\\"\")"
2026-07-10T18:28:45Z [5,195ms] [Warning] [carb.omniclient.plugin]  102: OmniHub: ThreadId(02) Hub encountered error. Trying to reconnect to Hub. retry_reason="Hub failed to launch: Io(\"child exited with exit status: 1 without writing file \\\"/tmp/hub-isaac-sim-AB6A5E1C.config.json\\\"\")"
2026-07-10T18:28:45Z [5,496ms] [Warning] [carb.omniclient.plugin]  102: OmniHub: ThreadId(02) Hub encountered error. Trying to reconnect to Hub. retry_reason="Hub failed to launch: Io(\"child exited with exit status: 1 without writing file \\\"/tmp/hub-isaac-sim-AB6A5E1C.config.json\\\"\")"
2026-07-10T18:28:46Z [5,809ms] [Warning] [carb.omniclient.plugin]  102: OmniHub: ThreadId(02) Hub encountered error. Trying to reconnect to Hub. retry_reason="Hub failed to launch: Io(\"child exited with exit status: 1 without writing file \\\"/tmp/hub-isaac-sim-AB6A5E1C.config.json\\\"\")"
2026-07-10T18:28:46Z [6,130ms] [Warning] [carb.omniclient.plugin]  102: OmniHub: ThreadId(02) Hub encountered error. Trying to reconnect to Hub. retry_reason="Hub failed to launch: Io(\"child exited with exit status: 1 without writing file \\\"/tmp/hub-isaac-sim-AB6A5E1C.config.json\\\"\")"
2026-07-10T18:28:46Z [6,463ms] [Warning] [carb.omniclient.plugin]  102: OmniHub: ThreadId(02) Hub encountered error. Trying to reconnect to Hub. retry_reason="Hub failed to launch: Io(\"child exited with exit status: 1 without writing file \\\"/tmp/hub-isaac-sim-AB6A5E1C.config.json\\\"\")"
WARNING: All log messages before absl::InitializeLog() is called are written to STDERR
E0000 00:00:1783708131.495939      11 descriptor_database.cc:633] File already exists in database: grpc/health/v1/health.proto
W0000 00:00:1783708131.496024      11 message.cc:301] Protobuf GeneratedMessageFactory: File is already registered: grpc/health/v1/health.proto
2026-07-10T18:28:47Z [6,805ms] [Warning] [carb.omniclient.plugin]  102: OmniHub: ThreadId(02) Hub encountered error. Trying to reconnect to Hub. retry_reason="Hub failed to launch: Io(\"child exited with exit status: 1 without writing file \\\"/tmp/hub-isaac-sim-AB6A5E1C.config.json\\\"\")"
2026-07-10T18:28:47Z [7,158ms] [Warning] [carb.omniclient.plugin]  102: OmniHub: ThreadId(02) Hub encountered error. Trying to reconnect to Hub. retry_reason="Hub failed to launch: Io(\"child exited with exit status: 1 without writing file \\\"/tmp/hub-isaac-sim-AB6A5E1C.config.json\\\"\")"
2026-07-10T18:28:47Z [7,520ms] [Warning] [carb.omniclient.plugin]  102: OmniHub: ThreadId(02) Hub encountered error. Trying to reconnect to Hub. retry_reason="Hub failed to launch: Io(\"child exited with exit status: 1 without writing file \\\"/tmp/hub-isaac-sim-AB6A5E1C.config.json\\\"\")"
2026-07-10T18:28:48Z [7,892ms] [Warning] [carb.omniclient.plugin]  102: OmniHub: ThreadId(02) Hub encountered error. Trying to reconnect to Hub. retry_reason="Hub failed to launch: Io(\"child exited with exit status: 1 without writing file \\\"/tmp/hub-isaac-sim-AB6A5E1C.config.json\\\"\")"
2026-07-10T18:28:48Z [8,275ms] [Warning] [carb.omniclient.plugin]  102: OmniHub: ThreadId(02) Hub encountered error. Trying to reconnect to Hub. retry_reason="Hub failed to launch: Io(\"child exited with exit status: 1 without writing file \\\"/tmp/hub-isaac-sim-AB6A5E1C.config.json\\\"\")"
2026-07-10T18:28:48Z [8,667ms] [Warning] [carb.omniclient.plugin]  102: OmniHub: ThreadId(02) Hub encountered error. Trying to reconnect to Hub. retry_reason="Hub failed to launch: Io(\"child exited with exit status: 1 without writing file \\\"/tmp/hub-isaac-sim-AB6A5E1C.config.json\\\"\")"
2026-07-10T18:28:49Z [9,070ms] [Warning] [carb.omniclient.plugin]  102: OmniHub: ThreadId(02) Hub encountered error. Trying to reconnect to Hub. retry_reason="Hub failed to launch: Io(\"child exited with exit status: 1 without writing file \\\"/tmp/hub-isaac-sim-AB6A5E1C.config.json\\\"\")"
2026-07-10T18:28:49Z [9,482ms] [Warning] [carb.omniclient.plugin]  102: OmniHub: ThreadId(02) Hub encountered error. Trying to reconnect to Hub. retry_reason="Hub failed to launch: Io(\"child exited with exit status: 1 without writing file \\\"/tmp/hub-isaac-sim-AB6A5E1C.config.json\\\"\")"
2026-07-10T18:28:50Z [9,905ms] [Warning] [carb.omniclient.plugin]  102: OmniHub: ThreadId(02) Hub encountered error. Trying to reconnect to Hub. retry_reason="Hub failed to launch: Io(\"child exited with exit status: 1 without writing file \\\"/tmp/hub-isaac-sim-AB6A5E1C.config.json\\\"\")"
2026-07-10T18:28:50Z [10,336ms] [Warning] [carb.omniclient.plugin]  102: OmniHub: ThreadId(02) Hub encountered error. Trying to reconnect to Hub. retry_reason="Hub failed to launch: Io(\"child exited with exit status: 1 without writing file \\\"/tmp/hub-isaac-sim-AB6A5E1C.config.json\\\"\")"
2026-07-10T18:28:51Z [10,779ms] [Warning] [carb.omniclient.plugin]  102: OmniHub: ThreadId(02) Hub encountered error. Trying to reconnect to Hub. retry_reason="Hub failed to launch: Io(\"child exited with exit status: 1 without writing file \\\"/tmp/hub-isaac-sim-AB6A5E1C.config.json\\\"\")"
[11.259s] [ext: omni.protobuf.lib-1.0.0] startup
[11.262s] [ext: omni.grpc.lib-1.0.0] startup
[11.274s] [ext: omni.metrics.core-0.0.3] startup
[11.274s] [ext: omni.datastore-0.0.0] startup
[11.276s] [ext: omni.gpu_foundation.shadercache.vulkan-1.0.0] startup
[11.300s] [ext: omni.hsscclient-1.1.4] startup
[11.306s] [ext: omni.stats-1.0.1] startup
[11.314s] [ext: omni.ujitso.default-1.0.0] startup
[11.329s] [ext: omni.gpu_foundation-0.0.0] startup
[11.716s] [ext: carb.windowing.plugins-1.0.1] startup
[11.716s] [ext: omni.kit.renderer.init-1.0.1] startup
2026-07-10T18:28:52Z [11,758ms] [Warning] [omni.platforminfo.plugin] failed to open the default display.  Can't verify X Server version.

|---------------------------------------------------------------------------------------------|
| Driver Version: 580.105.08    | Graphics API: Vulkan
|=============================================================================================|
| GPU | Name                             | Active | LDA | GPU Memory | Vendor-ID | LUID       |
|     |                                  |        |     |            | Device-ID | UUID       |
|     |                                  |        |     |            | Bus-ID    |            |
|---------------------------------------------------------------------------------------------|
| 0   | NVIDIA GeForce RTX 5090          | Yes: 0 |     | 32853   MB | 10de      | 0          |
|     |                                  |        |     |            | 2b85      | dfae664a.. |
|     |                                  |        |     |            | 0         |            |
|=============================================================================================|
| OS: 24.04.3 LTS (Noble Numbat) ubuntu, Version: 24.04.3, Kernel: 6.8.0-87-generic
| Processor: AMD EPYC 9654 96-Core Emb Processor
| Cores: 46 | Logical Cores: 46
|---------------------------------------------------------------------------------------------|
| Total Memory (MB): 50511 | Free Memory: 34411
| Total Page/Swap (MB): 0 | Free Page/Swap: 0
|---------------------------------------------------------------------------------------------|
[12.720s] [ext: omni.kit.pipapi-0.0.0] startup
[12.729s] [ext: omni.kit.pip_archive-0.0.0] startup
[12.732s] [ext: isaacsim.pip.newton-0.6.1] startup
[12.737s] [ext: omni.pip.compute-1.9.2] startup
[12.742s] [ext: omni.isaac.core_archive-5.3.1] startup
[12.747s] [ext: omni.kit.telemetry-0.5.2] startup
[12.849s] [ext: omni.kit.loop-isaac-1.6.0] startup
[12.859s] [ext: omni.kit.test-2.0.7] startup
[13.233s] [ext: omni.materialx.libs-1.0.9] startup
[13.247s] [ext: omni.gpucompute.plugins-0.0.0] startup
[13.247s] [ext: omni.usd.config-1.0.7] startup
[13.259s] [ext: omni.usd.libs-1.0.3] startup
[13.351s] [ext: omni.iray.libs-0.0.1] startup
[13.358s] [ext: omni.mdl-57.0.3] startup
[13.547s] [ext: omni.mdl.neuraylib-0.2.20] startup
[13.563s] [ext: omni.kit.usd.mdl-1.1.9] startup
[13.717s] [ext: omni.appwindow-1.2.2] startup
[13.723s] [ext: omni.kit.renderer.core-1.2.2] startup
2026-07-10T18:28:54Z [13,893ms] [Warning] [carb.windowing-glfw.plugin] GLFW initialization failed.
2026-07-10T18:28:54Z [13,893ms] [Warning] [carb] Failed to startup plugin carb.windowing-glfw.plugin (interfaces: [carb::windowing::IGLContext v1.0],[carb::windowing::IWindowing v1.5]) (impl: carb.windowing-glfw.plugin)
[13.963s] [ext: omni.kit.renderer.capture-2.0.1] startup
[13.972s] [ext: omni.kit.renderer.imgui-2.0.6] startup
2026-07-10T18:28:54Z [13,952ms] [Warning] [carb.windowing-glfw.plugin] GLFW initialization failed.
2026-07-10T18:28:54Z [13,952ms] [Warning] [carb] Failed to startup plugin carb.windowing-glfw.plugin (interfaces: [carb::windowing::IGLContext v1.0],[carb::windowing::IWindowing v1.5]) (impl: carb.windowing-glfw.plugin)
2026-07-10T18:28:54Z [13,955ms] [Warning] [carb.windowing-glfw.plugin] GLFW initialization failed.
2026-07-10T18:28:54Z [13,955ms] [Warning] [carb] Failed to startup plugin carb.windowing-glfw.plugin (interfaces: [carb::windowing::IGLContext v1.0],[carb::windowing::IWindowing v1.5]) (impl: carb.windowing-glfw.plugin)
[14.058s] [ext: omni.ui-3.2.0] startup
[14.080s] [ext: omni.kit.mainwindow-1.0.3] startup
[14.087s] [ext: carb.audio-0.1.0] startup
[14.093s] [ext: omni.uiaudio-1.0.0] startup
[14.097s] [ext: omni.kit.uiapp-0.0.0] startup
[14.097s] [ext: omni.usd.schema.metrics.assembler-110.1.0] startup
[14.107s] [ext: omni.usd.schema.audio-0.0.1] startup
[14.117s] [ext: omni.usd_resolver-1.0.0] startup
[14.125s] [ext: omni.usd.core-1.8.3] startup
[14.129s] [ext: omni.metropolis.schema-0.0.3] startup
[14.134s] [ext: isaacsim.anim.robot.schema-0.1.1] startup
[14.141s] [ext: omni.usd.schema.anim-0.0.1] startup
[14.171s] [ext: omni.usd.schema.geospatial-0.0.1] startup
[14.179s] [ext: omni.usd.schema.omnigraph-1.0.1] startup
[14.193s] [ext: omni.usd.schema.semantics-0.0.0] startup
[14.201s] [ext: omni.activity.core-1.0.3] startup
[14.207s] [ext: omni.cubric-0.1.0] startup
[14.207s] [ext: omni.graph.exec-0.9.6] startup
[14.207s] [ext: omni.hydra.scene_delegate-0.3.5] startup
[14.212s] [ext: usdrt.scenegraph-7.6.3] startup
[14.287s] [ext: omni.hydra.usdrt_delegate-7.5.2] startup
[14.310s] [ext: omni.inspect-1.0.2] startup
[14.321s] [ext: omni.kit.actions.core-1.0.0] startup
[14.334s] [ext: omni.kit.audiodeviceenum-1.0.2] startup
[14.344s] [ext: omni.kit.commands-1.5.0] startup
[14.368s] [ext: omni.kit.exec.core-0.13.5] startup
[14.381s] [ext: omni.kit.usd_undo-0.1.8] startup
[14.387s] [ext: omni.kit.window.popup_dialog-2.0.25] startup
[14.405s] [ext: omni.kit.widget.nucleus_connector-2.3.1] startup
[14.431s] [ext: omni.timeline-1.1.0] startup
[14.438s] [ext: omni.usd-1.16.0] startup
[14.576s] [ext: omni.graph.core-3.1.2] startup
[14.579s] [ext: omni.kit.notification_manager-1.0.11] startup
[14.592s] [ext: isaacsim.core.deprecation_manager-0.4.2] startup
[14.600s] [ext: isaacsim.replicator.agent.schema-0.1.1] startup
[14.608s] [ext: isaacsim.robot.schema-6.3.7] startup
[14.656s] [ext: isaacsim.robot_motion.schema-0.2.1] startup
[14.668s] [ext: omni.anim.behavior.schema-110.1.0] startup
[14.686s] [ext: omni.anim.graph.schema-110.1.1] startup
[14.706s] [ext: omni.anim.navigation.schema-110.1.0] startup
[14.721s] [ext: omni.behavior.tree.schema-110.1.0] startup
[14.730s] [ext: omni.isaac.ml_archive-3.3.0] startup
[14.737s] [ext: omni.kit.asset_converter-6.0.1] startup
[14.768s] [ext: omni.pip.cloud-1.5.4] startup
[14.813s] [ext: omni.usd.schema.flow-110.0.0] startup
[14.820s] [ext: omni.usd.schema.mujoco-1.1.1] startup
[14.827s] [ext: omni.usd.schema.newton-1.2.1] startup
[14.837s] [ext: omni.usd.schema.omni_lens_distortion-1.0.0] startup
[14.845s] [ext: omni.usd.schema.omni_projectors-1.0.0] startup
[14.852s] [ext: omni.usd.schema.omni_sensors-0.0.0] startup
[14.878s] [ext: omni.usd.schema.omniscripting-1.0.1] startup
[14.897s] [ext: omni.usd.schema.physical_lighting-0.1.0] startup
[14.913s] [ext: omni.usd.schema.physx-110.1.13] startup
[14.969s] [ext: omni.usd.schema.render_settings.rtx-1.0.2] startup
[14.982s] [ext: omni.usd.schema.usd_particle_field-1.0.0] startup
[14.988s] [ext: isaacsim.core.version-2.1.1] startup
[14.996s] [ext: omni.kit.menu.core-1.2.0] startup
[15.006s] [ext: omni.kit.menu.utils-2.2.4] startup
[15.057s] [ext: isaacsim.app.about-2.3.1] startup
[15.074s] [ext: isaacsim.asset.transformer-1.2.5] startup
[15.089s] [ext: omni.scene.optimizer.core-110.1.0] startup
[15.169s] [ext: isaacsim.asset.importer.utils-1.8.1] startup
[15.189s] [ext: omni.convexdecomposition-110.1.13] startup
[15.197s] [ext: omni.physics-110.1.13] startup
[15.209s] [ext: omni.physx.gpu-110.1.13] startup
[15.209s] [ext: omni.physx.foundation-110.1.13] startup
[15.217s] [ext: omni.usdphysics-110.1.13] startup
[15.225s] [ext: omni.physx.cooking-110.1.13] startup
[15.233s] [ext: omni.physx-110.1.13] startup
[15.264s] [ext: omni.physics.physx-110.1.13] startup
[15.272s] [ext: isaacsim.asset.exporter.urdf-2.0.5] startup
[15.316s] [ext: omni.kit.clipboard-1.1.1] startup
[15.323s] [ext: omni.kit.usd.layers-2.6.1] startup
[15.366s] [ext: omni.kit.widget.context_menu-1.4.0] startup
[15.378s] [ext: omni.kit.context_menu-1.9.0] startup
[15.395s] [ext: omni.kit.helper.file_utils-0.1.10] startup
[15.407s] [ext: omni.kit.widget.nucleus_info-2.0.2] startup
[15.414s] [ext: omni.kit.search_core-1.0.8] startup
[15.421s] [ext: omni.kit.widget.path_field-2.0.13] startup
[15.431s] [ext: omni.kit.widget.browser_bar-2.0.10] startup
[15.440s] [ext: omni.kit.widget.filebrowser-2.13.4] startup
[15.482s] [ext: omni.kit.widget.options_menu-1.1.6] startup
[15.501s] [ext: omni.kit.widget.options_button-1.0.3] startup
[15.508s] [ext: omni.kit.widget.search_delegate-1.0.9] startup
[15.519s] [ext: omni.ui.scene-2.0.3] startup
[15.530s] [ext: omni.kit.window.filepicker-2.15.5] startup
[15.644s] [ext: omni.kit.window.file_importer-1.1.21] startup
[15.655s] [ext: omni.kit.material.library-3.1.2] startup
[15.697s] [ext: isaacsim.asset.transformer.rules-1.7.10] startup
[15.793s] [ext: omni.usdex.libs-2.2.2] startup
[15.810s] [ext: isaacsim.asset.importer.mjcf-3.10.1] startup
[15.823s] [ext: isaacsim.asset.importer.urdf-3.11.2] startup
[15.845s] [ext: omni.kit.primitive.mesh-1.1.0] startup
[15.867s] [ext: omni.kit.stage_template.core-1.1.22] startup
[15.872s] [ext: omni.kit.stage_templates-2.0.2] startup
[15.883s] [ext: omni.usd.metrics.assembler-110.1.2] startup
[15.893s] [ext: omni.warp.core-1.13.0] startup
[16.420s] [ext: isaacsim.core.experimental.utils-0.17.2] startup
[16.429s] [ext: omni.physics.stageupdate-110.1.13] startup
[16.438s] [ext: omni.physics.tensors-110.1.13] startup
[16.464s] [ext: omni.physx.tensors-110.1.13] startup
[16.468s] [ext: isaacsim.core.simulation_manager-1.15.6] startup
[16.518s] [ext: isaacsim.storage.native-1.9.3] startup
[16.534s] [ext: omni.usd.metrics.assembler.physics-110.1.13] startup
[16.551s] [ext: isaacsim.core.utils-4.1.7] startup
[16.566s] [ext: isaacsim.core.prims-0.11.7] startup
[20.368s] [ext: isaacsim.core.api-5.2.13] startup
[20.447s] [ext: isaacsim.core.cloner-1.7.3] startup
[20.459s] [ext: isaacsim.test.docstring-1.3.2] startup
[20.497s] [ext: isaacsim.core.experimental.prims-1.8.9] startup
[20.591s] [ext: isaacsim.core.experimental.primdata-0.3.2] startup
[20.595s] [ext: omni.graph.tools-1.81.0] startup
[20.773s] [ext: omni.graph-1.142.5] startup
[20.930s] [ext: isaacsim.core.experimental.actuators-0.1.2] startup
[21.005s] [ext: isaacsim.core.experimental.materials-0.7.1] startup
[21.038s] [ext: isaacsim.core.experimental.objects-0.8.1] startup
[21.411s] [ext: omni.hydra.engine.stats-1.0.5] startup
[21.419s] [ext: omni.hydra.rtx.shadercache.vulkan-1.0.0] startup
[21.427s] [ext: omni.index.libs-387500.4413.0] startup
[21.427s] [ext: omni.index-1.0.1] startup
[21.428s] [ext: omni.ujitso.client-0.0.0] startup
[21.429s] [ext: omni.usd.schema.playback-1.0.0] startup
[21.441s] [ext: omni.volume-0.5.2] startup
[21.450s] [ext: omni.hydra.rtx-1.0.4] startup
2026-07-10T18:29:01Z [21,443ms] [Warning] [omni.log] Source: omni.hydra was already registered.
[21.498s] [ext: omni.kit.hydra_texture-1.6.0] startup
[21.511s] [ext: omni.kit.raycast.query-1.2.0] startup
[21.525s] [ext: omni.kit.viewport.legacy_gizmos-1.0.24] startup
[21.535s] [ext: omni.kit.viewport.registry-104.0.6] startup
[21.543s] [ext: omni.kit.viewport.scene_camera_model-1.0.7] startup
[21.555s] [ext: omni.kit.widget.viewport-109.2.0] startup
[21.588s] [ext: omni.kit.window.drop_support-1.0.8] startup
[21.595s] [ext: omni.kit.viewport.window-109.0.2] startup
[21.668s] [ext: omni.kit.viewport.utility-2.0.1] startup
[21.680s] [ext: isaacsim.core.rendering_manager-0.4.3] startup
[21.726s] [ext: omni.graph.action_core-1.1.9] startup
[21.737s] [ext: omni.graph.action_nodes_core-2.11.0] startup
[21.748s] [ext: omni.graph.action_nodes-2.11.0] startup
[22.017s] [ext: omni.graph.action-2.10.2] startup
[22.023s] [ext: omni.graph.image.core-0.6.1] startup
[22.025s] [ext: omni.graph.image.nodes-1.3.1] startup
[22.026s] [ext: omni.graph.nodes_core-2.11.0] startup
[22.039s] [ext: omni.graph.nodes-2.12.0] startup
[22.054s] [ext: omni.kit.hotkeys.core-1.3.12] startup
[22.055s] [ext: omni.kit.property.adapter.core-1.1.1] startup
[22.070s] [ext: omni.kit.property.adapter.usd-1.0.5] startup
[22.083s] [ext: omni.kit.widget.filter-1.1.5] startup
[22.092s] [ext: omni.kit.widget.highlight_label-1.0.3] startup
[22.104s] [ext: omni.kit.widget.searchfield-1.1.8] startup
[22.117s] [ext: omni.kit.window.file_exporter-1.0.36] startup
[22.128s] [ext: omni.kit.widget.stage-4.4.0] startup
[22.197s] [ext: omni.kit.window.content_browser_registry-0.0.6] startup
[22.206s] [ext: omni.kit.window.file-2.0.10] startup
[22.231s] [ext: omni.kit.window.content_browser-3.1.8] startup
[22.266s] [ext: omni.kit.window.property-1.15.1] startup
[22.379s] [ext: omni.kit.property.usd-4.9.4] startup
[22.488s] [ext: omni.graph.scriptnode-2.10.2] startup
[22.521s] [ext: omni.kit.widget.searchable_combobox-1.0.7] startup
[22.532s] [ext: omni.kit.widget.settings-2.0.0] startup
[22.552s] [ext: omni.kit.window.preferences-1.8.3] startup
[22.593s] [ext: omni.kit.viewport.menubar.core-107.2.2] startup
[22.661s] [ext: omni.syntheticdata-0.6.15] startup
[22.771s] [ext: omni.replicator.nv-1.1.1] startup
[22.790s] [ext: omni.videoencoding-0.2.1] startup
[22.802s] [ext: omni.replicator.core-1.13.27] startup
2026-07-10T18:29:03Z [22,870ms] [Warning] [pxr.Semantics] pxr.Semantics is deprecated - please use Semantics instead
2026-07-10T18:29:03Z [23,123ms] [Warning] [omni.replicator.core.scripts.extension] No material configuration file, adding configuration to material settings directly.
[23.869s] [ext: isaacsim.core.nodes-5.10.5] startup
[24.018s] [ext: isaacsim.core.throttling-2.3.5] startup
[24.030s] [ext: omni.kit.manipulator.viewport-107.0.1] startup
[24.042s] [ext: omni.graph.visualization.nodes-2.1.4] startup
[24.126s] [ext: omni.kit.window.extensions-1.5.10] startup
[24.190s] [ext: isaacsim.gui.components-1.8.5] startup
[24.241s] [ext: isaacsim.robot.surface_gripper-3.6.2] startup
[24.294s] [ext: isaacsim.robot.manipulators-3.4.4] startup
[24.357s] [ext: isaacsim.robot_motion.lula-4.1.3] startup
[24.381s] [ext: isaacsim.robot_motion.motion_generation-8.2.9] startup
[24.435s] [ext: isaacsim.cortex.framework-1.0.18] startup
[24.450s] [ext: isaacsim.cortex.behaviors-2.0.17] startup
[24.461s] [ext: isaacsim.examples.base-1.3.2] startup
[24.475s] [ext: omni.kit.widget.zoombar-1.0.7] startup
[24.484s] [ext: omni.kit.browser.core-2.3.18] startup
[24.520s] [ext: omni.kit.browser.folder.core-2.0.2] startup
[24.567s] [ext: omni.kit.widget.stage_icons-1.0.8] startup
[24.578s] [ext: omni.kit.window.stage-2.6.1] startup
[24.598s] [ext: omni.kit.menu.stage-1.2.7] startup
[24.615s] [ext: omni.kit.usd.collect-3.0.6] startup
[24.644s] [ext: omni.kit.widget.prompt-1.0.7] startup
[24.658s] [ext: omni.kit.tool.collect-2.2.19] startup
[24.686s] [ext: isaacsim.examples.browser-0.3.2] startup
[24.704s] [ext: omni.kit.search.files-1.0.4] startup
[24.715s] [ext: omni.kit.widget.calendar-1.0.9] startup
[24.734s] [ext: omni.kit.widget.extended_searchfield-1.0.31] startup
[24.785s] [ext: omni.simready.content.browser-0.3.7] startup
[25.334s] [ext: isaacsim.gui.content_browser-0.4.3] startup
[25.348s] [ext: omni.kit.selection-0.1.6] startup
[25.356s] [ext: isaacsim.gui.menu-2.10.5] startup
[25.395s] [ext: isaacsim.gui.property-1.6.4] startup
[25.441s] [ext: omni.kit.viewport.actions-110.0.0] startup
[25.459s] [ext: omni.kit.viewport.menubar.display-107.1.3] startup
[25.471s] [ext: isaacsim.gui.sensors.icon-2.2.1] startup
[25.490s] [ext: omni.behavior.scripting.core-110.1.0] startup
[25.593s] [ext: isaacsim.replicator.behavior-1.5.4] startup
[25.656s] [ext: isaacsim.replicator.experimental.domain_randomization-1.2.5] startup
[25.968s] [ext: isaacsim.replicator.domain_randomization-1.2.2] startup
[26.191s] [ext: isaacsim.replicator.writers-1.5.4] startup
[26.342s] [ext: isaacsim.robot.experimental.wheeled_robots-0.2.11] startup
[26.479s] [ext: isaacsim.robot.policy.examples-5.2.12] startup
[26.578s] [ext: isaacsim.robot.wheeled_robots-5.2.4] startup
[26.599s] [ext: isaacsim.robot.wheeled_robots.nodes-0.1.5] startup
[26.693s] [ext: isaacsim.robot_motion.experimental.motion_generation-6.1.3] startup
[26.745s] [ext: isaacsim.robot_motion.cumotion-1.3.1] startup
[26.789s] [ext: omni.kit.numpy.common-0.1.3] startup
[26.796s] [ext: isaacsim.sensors.camera-1.7.9] startup
[26.870s] [ext: isaacsim.sensors.experimental.physics-3.0.2] startup
[26.899s] [ext: omni.sensors.net-1.0.1] startup
[26.907s] [ext: omni.sensors.nv.common-3.0.0] startup
[26.932s] [ext: omni.sensors.nv.materials-2.0.0] startup
[26.942s] [ext: omni.sensors.nv.acoustic-3.0.0] startup
[26.947s] [ext: omni.sensors.nv.ids-2.0.1] startup
[26.950s] [ext: omni.sensors.nv.lidar-3.0.0] startup
[26.961s] [ext: omni.sensors.nv.radar-3.0.0] startup
[26.966s] [ext: isaacsim.sensors.experimental.rtx-1.4.6] startup
[27.683s] [ext: isaacsim.sensors.physics.nodes-1.5.3] startup
[27.703s] [ext: isaacsim.util.debug_draw-3.2.3] startup
[27.719s] [ext: isaacsim.sensors.physx-2.5.5] startup
[27.744s] [ext: isaacsim.sensors.rtx-15.17.1] startup
[27.779s] [ext: isaacsim.simulation_app-2.18.4] startup
[27.779s] [ext: omni.anim.curve.core-1.6.0] startup
[27.823s] [ext: omni.graph.ui_nodes-2.11.1] startup
[28.251s] [ext: omni.hydra.scene_api-0.1.3] startup
[28.271s] [ext: omni.kit.manipulator.camera-110.0.0] startup
[28.325s] [ext: omni.kit.manipulator.selector-1.1.4] startup
[28.336s] [ext: omni.kit.manipulator.transform-107.0.0] startup
[28.371s] [ext: omni.kit.widget.toolbar-2.1.0] startup
[28.407s] [ext: omni.kit.manipulator.tool.snap-1.5.14] startup
[28.431s] [ext: omni.kit.viewport.manipulator.transform-107.0.4] startup
[28.447s] [ext: omni.kit.manipulator.prim.core-108.0.2] startup
[28.485s] [ext: omni.kit.manipulator.prim.usd-107.0.3] startup
[28.498s] [ext: omni.kit.manipulator.prim-108.0.0] startup
[28.498s] [ext: omni.kit.manipulator.selection-109.0.1] startup
[28.510s] [ext: omni.kit.menu.create-2.0.2] startup
[28.521s] [ext: omni.kit.property.audio-1.0.16] startup
[28.538s] [ext: omni.kit.property.camera-1.0.14] startup
[28.551s] [ext: omni.kit.property.geometry-2.1.2] startup
[28.572s] [ext: omni.kit.property.light-1.0.14] startup
2026-07-10T18:29:08Z [28,616ms] [Warning] [omni.usd] Encountered USD Warnings but USD Diagnostics are currently muted. To view USD Warnings, please set the '/persistent/app/usd/muteUsdDiagnostics' setting to false in Preferences page.
[28.661s] [ext: omni.kit.property.material-1.14.6] startup
[28.712s] [ext: omni.kit.property.render-1.2.2] startup
[28.722s] [ext: omni.kit.property.transform-1.6.9] startup
[28.761s] [ext: omni.kit.property.bundle-1.5.1] startup
[28.771s] [ext: omni.kit.usdz_export-1.1.0] startup
[28.782s] [ext: omni.kit.tool.asset_importer-6.0.1] startup
[28.819s] [ext: omni.kit.ui.actions-1.0.5] startup
[28.829s] [ext: omni.kit.viewport.menubar.camera-107.0.10] startup
[28.860s] [ext: omni.kit.viewport.menubar.lighting-107.3.2] startup
[28.881s] [ext: omni.kit.viewport.menubar.render-110.0.0] startup
[28.903s] [ext: omni.kit.viewport.menubar.settings-110.0.1] startup
[28.934s] [ext: omni.kit.window.console-1.1.9] startup
[28.955s] [ext: omni.kit.window.status_bar-0.1.11] startup
[28.966s] [ext: omni.kit.window.toolbar-3.0.3] startup
[28.976s] [ext: omni.ocio-0.1.1] startup
[28.981s] [ext: omni.physx.commands-110.1.13] startup
[29.008s] [ext: omni.replicator.replicator_yaml-2.0.12] startup
[29.054s] [ext: omni.rtx.window.settings-0.8.0] startup
[29.075s] [ext: omni.rtx.settings.core-0.7.1] startup
[29.104s] [ext: omni.usd.metrics.assembler.ui-110.1.1] startup
[29.128s] [ext: semantics.schema.editor-2.0.2] startup
[29.144s] [ext: semantics.schema.property-2.0.2] startup
[29.154s] [ext: omni.kit.menu.common-2.0.2] startup
[29.163s] [ext: isaacsim.exp.base-6.0.1] startup
[29.163s] [ext: isaacsim.exp.base.python-6.0.1] startup
[29.167s] Simulation App Starting
[32.214s] Simulation App Startup Complete
[32.217s] app ready
Starting kit application with the following args:  ['/isaac-sim/exts/isaacsim.simulation_app/isaacsim/simulation_app/simulation_app.py', '/isaac-sim/apps/isaacsim.exp.base.python.kit', '--/app/tokens/exe-path=/isaac-sim/kit', '--/persistent/app/viewport/displayOptions=3094', '--/rtx/materialDb/syncLoads=True', '--/rtx/hydra/materialSyncLoads=True', '--/omni/kit/plugin/syncUsdLoads=True', '--/app/renderer/resolution/width=1280', '--/app/renderer/resolution/height=720', '--/app/window/width=1440', '--/app/window/height=900', '--/renderer/multiGpu/enabled=True', '--/app/fastShutdown=True', '--/app/installSignalHandlers=0', '--ext-folder', '/isaac-sim/exts', '--ext-folder', '/isaac-sim/apps', '--/physics/cudaDevice=0', '--/plugins/carb.tasking.plugin/threadCount=32', '--/plugins/omni.tbb.globalcontrol/maxThreadCount=32', '--portable', '--no-window', '--/app/window/hideUi=1']
Passing the following args to the base kit application:  ['--out', '/workspace/sortmaster_out/faultjam_v17', '--seed', '42', '--inject-jam', 'box_l@2.62', '--max-sim-s', '430', '--perception', 'rtx', '--drive', 'surface', '--depth-stills', '0']
Warp 1.13.0 initialized:
   CUDA Toolkit 12.9, Driver 13.0
   Devices:
     "cpu"      : "x86_64"
     "cuda:0"   : "NVIDIA GeForce RTX 5090" (31 GiB, sm_120, mempool enabled)
   Kernel cache:
     /isaac-sim/.cache/warp/1.13.0
[dressing] official conveyor shells referenced
[dressing] RealSense D455 sensor assets referenced
[arm] suction gripper referenced: /Isaac/Robots/UniversalRobots/ur10/grippers/short_gripper.usd
[arm] official UR10e referenced
[isaac] sorter: 9 carriers, pitch 0.6 m, v 0.5 m/s, tilt 38.0 deg, latency 40 ms
[isaac] jam-locator background: OK
[isaac] seed=42 items=11 physics=240Hz control=60Hz record=False -> /workspace/sortmaster_out/faultjam_v17
2026-07-10T18:32:25Z [225,644ms] [Error] [omni.kit.app._impl] [py stderr]: /workspace/sortmaster/isaac/perception_rtx.py:308: RuntimeWarning: invalid value encountered in matmul
  world = pos + cam_pts @ R.T
2026-07-10T18:29:25Z [44,756ms] [Warning] [omni.physx.plugin] PhysicsUSD: CreateJoint - found a joint with disjointed body transforms, the simulation will most likely snap objects together: /World/ur10e/joints/ee_joint
2026-07-10T18:29:25Z [44,773ms] [Warning] [isaacsim.robot.surface_gripper.plugin]    Gripper /World/ur10e/wrist_3_link/flange/eef_gripper/SurfaceGripper has no joint at attachment point /World/ur10e/wrist_3_link/flange/eef_gripper/suction_cup/Suction_Joint
2026-07-10T18:32:15Z [215,490ms] [Warning] [isaacsim.sensors.camera.camera] 'verticalAperture' (1.5290800094604493) and 'horizontalAperture' (2.7183645248413084) are inconsistent with the pixel resolution aspect ratio (1.3333333333333333). Setting 'verticalAperture' to 2.0387733936309815 to ensure square pixels.
2026-07-10T18:32:15Z [215,533ms] [Warning] [isaacsim.sensors.camera.camera] 'verticalAperture' (1.5290800094604493) and 'horizontalAperture' (2.7183645248413084) are inconsistent with the pixel resolution aspect ratio (1.3333333333333333). Setting 'verticalAperture' to 2.0387733936309815 to ensure square pixels.
2026-07-10T18:32:15Z [215,568ms] [Warning] [isaacsim.sensors.camera.camera] 'verticalAperture' (1.5290800094604493) and 'horizontalAperture' (2.7183645248413084) are inconsistent with the pixel resolution aspect ratio (1.3333333333333333). Setting 'verticalAperture' to 2.0387733936309815 to ensure square pixels.
2026-07-10T18:32:15Z [215,603ms] [Warning] [isaacsim.sensors.camera.camera] 'verticalAperture' (1.5290800094604493) and 'horizontalAperture' (2.7183645248413084) are inconsistent with the pixel resolution aspect ratio (1.0). Setting 'verticalAperture' to 2.7183645248413084 to ensure square pixels.
2026-07-10T18:32:15Z [215,639ms] [Warning] [isaacsim.sensors.camera.camera] 'verticalAperture' (1.5290800094604493) and 'horizontalAperture' (2.7183645248413084) are inconsistent with the pixel resolution aspect ratio (1.3333333333333333). Setting 'verticalAperture' to 2.0387733936309815 to ensure square pixels.
2026-07-10T18:32:15Z [215,639ms] [Warning] [carb] Client omni.hydratexture.plugin has acquired [carb::settings::ISettings v1.1] 100 times. Consider accessing this interface with carb::getCachedInterface() (Performance warning)
2026-07-10T18:32:16Z [215,785ms] [Warning] [omni.rtx] DLSS increasing input dimensions: Render resolution of (384, 288) is below minimal input resolution of 300.
2026-07-10T18:32:17Z [216,799ms] [Warning] [omni.syntheticdata.plugin] OgnSdPostRenderVarToHost : rendervar copy from texture directly to host buffer is counter-performant. Please use copy from texture to device buffer first.
[isaac] t=   20.0s delivered=2/11 wall=  24.1s
[isaac] t=   40.0s delivered=4/11 wall=  52.6s
[isaac] t=   60.0s delivered=6/11 wall=  78.8s
[isaac] t=   80.0s delivered=10/11 wall= 109.3s
[isaac] DONE delivered=11/11 ok=11 unsafe=0 sim=83.4s wall=112.9s frames=0
{
  "engine": "NVIDIA Isaac Sim 6.0.1 / PhysX 5",
  "perception_mode": "rtx_depth_dual_range",
  "oracle_used_for_classification": false,
  "sensor_model": "RTX depth: overhead 1024x768 + 2 side profilers 768x576 + close-range macro head 768x768 (small-item certification), multi-read fusion, guard-banded official rule order",
  "classification": {
    "n": 11,
    "n_correct": 11,
    "accuracy": 1.0,
    "sensor_misses": 0,
    "reads_per_item": 3.8
  },
  "executive": "tilt_tray_sorter",
  "nominal_motion_model": "surface_contact_only",
  "direct_velocity_writes_nominal": 0,
  "direct_velocity_writes_fault_injection": 1240,
  "sorter": {
    "mechanism": "tilt_tray_linear_sorter",
    "n_carriers": 9,
    "carrier_pitch_m": 0.6,
    "train_speed_mps": 0.5,
    "tilt_deg": 38.0,
    "actuator_latency_ms": 40.0,
    "tilt_rate_dps": 160.0,
    "gain_noise_frac": 0.01,
    "carrier_commands_count": 11,
    "escapement_releases": 11,
    "tilt_time_ms": 450.0,
    "discharge_latency_ms": 772.1,
    "landing_offset_mean_mm": 62.5,
    "landing_offset_max_mm": 130.8,
    "carrier_wraps": 139,
    "chain_spacing_err_max_mm": 0.0,
    "double_occupancy_events": 0,
    "discharge_misses_to_review": 0,
    "stuck_tilt_flattens": 0,
    "suspect_purge_tilts": 0,
    "end_line_callouts": 0
  },
  "materials": {
    "bottle": {
      "static_friction": 0.35,
      "dynamic_friction": 0.28,
      "restitution": 0.15,
      "linear_damping": 0.0,
      "angular_damping": 0.05,
      "mass_kg": 0.305
    },
    "box_s": {
      "static_friction": 0.55,
      "dynamic_friction": 0.45,
      "restitution": 0.05,
      "linear_damping": 0.0,
      "angular_damping": 0.05,
      "mass_kg": 3.0
    },
    "box_l": {
      "static_friction": 0.55,
      "dynamic_friction": 0.45,
      "restitution": 0.05,
      "linear_damping": 0.0,
      "angular_damping": 0.05,
      "mass_kg": 6.0
    },
    "lunchbox": {
      "static_friction": 0.5,
      "dynamic_friction": 0.42,
      "restitution": 0.08,
      "linear_damping": 0.0,
      "angular_damping": 0.05,
      "mass_kg": 0.412
    },
    "sack": {
      "static_friction": 0.95,
      "dynamic_friction": 0.9,
      "restitution": 0.0,
      "linear_damping": 0.25,
      "angular_damping": 0.6,
      "mass_kg": 0.817
    },
    "detergent": {
      "static_friction": 0.45,
      "dynamic_friction": 0.38,
      "restitution": 0.1,
      "linear_damping": 0.0,
      "angular_damping": 0.05,
      "mass_kg": 2.002
    },
    "pouf": {
      "static_friction": 0.85,
      "dynamic_friction": 0.8,
      "restitution": 0.0,
      "linear_damping": 0.2,
      "angular_damping": 0.5,
      "mass_kg": 6.0
    },
    "pen": {
      "static_friction": 0.4,
      "dynamic_friction": 0.35,
      "restitution": 0.1,
      "linear_damping": 0.0,
      "angular_damping": 0.05,
      "mass_kg": 0.05
    },
    "plate": {
      "static_friction": 0.35,
      "dynamic_friction": 0.3,
      "restitution": 0.12,
      "linear_damping": 0.0,
      "angular_damping": 0.05,
      "mass_kg": 0.175
    },
    "cylinder": {
      "static_friction": 0.5,
      "dynamic_friction": 0.42,
      "restitution": 0.06,
      "linear_damping": 0.0,
      "angular_damping": 0.05,
      "mass_kg": 0.187
    },
    "helmet": {
      "static_friction": 0.4,
      "dynamic_friction": 0.32,
      "restitution": 0.2,
      "linear_damping": 0.0,
      "angular_damping": 0.08,
      "mass_kg": 4.323
    }
  },
  "sweep": {
    "friction_mult": 1.0,
    "mass_mult": 1.0,
    "spawn_offset_y_m": 0.0,
    "spawn_gap_s": "6.0,8.0",
    "inject_jam": "box_l@2.62",
    "inject_tray_fault": null
  },
  "seed": 42,
  "physics_hz": 240,
  "control_hz": 60,
  "n_items": 11,
  "n_delivered": 11,
  "n_routed_ok": 11,
  "routing_accuracy": 1.0,
  "unsafe_errors": 0,
  "floor_drops": 0,
  "review_deliveries": 0,
  "manual_callouts": 0,
  "review_diversions": 0,
  "recovery": {
    "jams_recovered_by_arm": 1,
    "recovery_success": 1,
    "policy": "C->cage C, D->cage D (route-correct), else operator; stuck tray -> review/end-line by design (safe recovery separate from routing_accuracy)"
  },
  "containment": {
    "tracked": 8,
    "violations": 0,
    "containment_rate": 1.0,
    "cage_entry_speed_max_mps": 2.111,
    "cage_max_z": 0.443
  },
  "cycle_s": {
    "mean": 7.288,
    "p95": 16.517,
    "max": 25.267
  },
  "command_margin_s": {
    "min": 1.167,
    "mean": 3.232
  },
  "throughput_items_per_h": 474.6,
  "flow": {
    "spacing_gate_activations": 11,
    "multi_object_window_events": 0,
    "conveyor_a_stop_count": 0
  },
  "sim_s": 83.44,
  "wall_s": 112.9,
  "realtime_factor": 0.74,
  "frames": 0
}
[332.941s] Simulation App Shutting Down
[pipeline] fault_jam rc=0
[pipeline] showcase
=== perfect_hero : --seed 7 --camera hero_ne --depth-stills 0 --max-sim-s 400 ===
--- perfect_hero exit=1 frames=0 ---
=== item_follow_perception_to_bin : --seed 7 --follow-slug pouf --camera overview --depth-stills 0 --max-sim-s 400 ===
--- item_follow_perception_to_bin exit=0 frames=2460 ---
mp4 ok: item_follow_perception_to_bin.mp4
=== mech_tilt_C : --seed 42 --items box_l,pen --camera mech_c_side --depth-stills 0 --max-sim-s 200 ===
--- mech_tilt_C exit=0 frames=480 ---
mp4 ok: mech_tilt_C.mp4
=== b_transfer : --seed 42 --items box_s,lunchbox --camera b_transfer --depth-stills 0 --max-sim-s 200 ===
--- b_transfer exit=0 frames=609 ---
mp4 ok: b_transfer.mp4
=== perfect_iso : --seed 7 --camera cell_iso --depth-stills 0 --max-sim-s 400 ===
--- perfect_iso exit=0 frames=352 ---
mp4 ok: perfect_iso.mp4
=== perfect_deckfront : --seed 7 --camera deck_front --depth-stills 0 --max-sim-s 400 ===
--- perfect_deckfront exit=0 frames=2460 ---
mp4 ok: perfect_deckfront.mp4
=== perfect_decktop : --seed 7 --camera deck_top --depth-stills 0 --max-sim-s 400 ===
--- perfect_decktop exit=0 frames=2460 ---
mp4 ok: perfect_decktop.mp4
=== cine_orbit : --seed 7 --camera overview --camera-path orbit --path-secs 82 --depth-stills 0 --max-sim-s 400 ===
--- cine_orbit exit=0 frames=2460 ---
mp4 ok: cine_orbit.mp4
=== cine_dolly : --seed 7 --camera overview --camera-path dolly --path-secs 82 --depth-stills 0 --max-sim-s 400 ===
--- cine_dolly exit=0 frames=2460 ---
mp4 ok: cine_dolly.mp4
=== cine_crane : --seed 7 --camera overview --camera-path crane --path-secs 82 --depth-stills 0 --max-sim-s 400 ===
--- cine_crane exit=0 frames=2460 ---
mp4 ok: cine_crane.mp4
=== route_B : --seed 42 --items box_s,lunchbox,detergent --camera deck_front --depth-stills 0 --max-sim-s 200 ===
--- route_B exit=0 frames=861 ---
mp4 ok: route_B.mp4
=== route_C : --seed 42 --items box_l,pouf,pen --camera routing --depth-stills 0 --max-sim-s 200 ===
--- route_C exit=0 frames=736 ---
mp4 ok: route_C.mp4
=== route_D : --seed 42 --items bottle,helmet,plate --camera routing --depth-stills 0 --max-sim-s 200 ===
--- route_D exit=0 frames=810 ---
mp4 ok: route_D.mp4
=== edge_small_items : --seed 42 --manifest-extra --items edge_cube11,edge_cube10,edge_rod9,pen --camera deck_front --depth-stills 4 --max-sim-s 260 ===
--- edge_small_items exit=0 frames=917 ---
mp4 ok: edge_small_items.mp4
=== sensor : --seed 42 --items box_s,bottle,helmet,edge_cube11 --manifest-extra --camera lookahead --depth-stills 4 --max-sim-s 260 ===
--- sensor exit=0 frames=990 ---
mp4 ok: sensor.mp4
=== fault_recovery : --seed 42 --camera routing --inject-jam box_l@2.62 --depth-stills 0 --max-sim-s 430 ===
--- fault_recovery exit=0 frames=2503 ---
mp4 ok: fault_recovery.mp4
=== fault_tray : --seed 42 --camera deck_front --inject-tray-fault D --depth-stills 0 --max-sim-s 430 ===
--- fault_tray exit=0 frames=2503 ---
mp4 ok: fault_tray.mp4
=== SHOWCASE5 DONE ===
-rw-r--r-- 1 root root  2852136 Jul 10 19:02 /root/sortmaster_out/showcase_v17/b_transfer.mp4
-rw-r--r-- 1 root root 11039217 Jul 10 20:27 /root/sortmaster_out/showcase_v17/cine_crane.mp4
-rw-r--r-- 1 root root 16455976 Jul 10 20:12 /root/sortmaster_out/showcase_v17/cine_dolly.mp4
-rw-r--r-- 1 root root  9419827 Jul 10 19:57 /root/sortmaster_out/showcase_v17/cine_orbit.mp4
-rw-r--r-- 1 root root  4393348 Jul 10 20:58 /root/sortmaster_out/showcase_v17/edge_small_items.mp4
-rw-r--r-- 1 root root 12274078 Jul 10 21:25 /root/sortmaster_out/showcase_v17/fault_recovery.mp4
-rw-r--r-- 1 root root  9926596 Jul 10 21:43 /root/sortmaster_out/showcase_v17/fault_tray.mp4
-rw-r--r-- 1 root root 15052043 Jul 10 18:50 /root/sortmaster_out/showcase_v17/item_follow_perception_to_bin.mp4
-rw-r--r-- 1 root root  1229527 Jul 10 18:56 /root/sortmaster_out/showcase_v17/mech_tilt_C.mp4
-rw-r--r-- 1 root root 10544832 Jul 10 19:25 /root/sortmaster_out/showcase_v17/perfect_deckfront.mp4
-rw-r--r-- 1 root root 10789173 Jul 10 19:43 /root/sortmaster_out/showcase_v17/perfect_decktop.mp4
-rw-r--r-- 1 root root  1184409 Jul 10 19:08 /root/sortmaster_out/showcase_v17/perfect_iso.mp4
-rw-r--r-- 1 root root  4394791 Jul 10 20:34 /root/sortmaster_out/showcase_v17/route_B.mp4
-rw-r--r-- 1 root root  3222082 Jul 10 20:42 /root/sortmaster_out/showcase_v17/route_C.mp4
-rw-r--r-- 1 root root  3666397 Jul 10 20:50 /root/sortmaster_out/showcase_v17/route_D.mp4
-rw-r--r-- 1 root root  2232499 Jul 10 21:07 /root/sortmaster_out/showcase_v17/sensor.mp4
[pipeline] showcase done
