=== edge_items_all : --seed 42 --manifest-extra --max-sim-s 700 ===
--- edge_items_all exit=1 ---
  NO SUMMARY: [Errno 2] No such file or directory: '/root/sortmaster_out/xbelt_matrix_v25/edge_items_all/summary.json'
=== high_mass : --seed 42 --mass-mult 1.3 --max-sim-s 400 ===
--- high_mass exit=1 ---
  NO SUMMARY: [Errno 2] No such file or directory: '/root/sortmaster_out/xbelt_matrix_v25/high_mass/summary.json'
=== off_center : --seed 42 --spawn-offset-y 0.06 --max-sim-s 400 ===
--- off_center exit=1 ---
  NO SUMMARY: [Errno 2] No such file or directory: '/root/sortmaster_out/xbelt_matrix_v25/off_center/summary.json'
=== edge_small : --seed 42 --manifest-extra --items edge_cube11,edge_cube10,edge_rod9,edge_card2,pen,bl_rod_b --max-sim-s 320 ===
--- edge_small exit=1 ---
  NO SUMMARY: [Errno 2] No such file or directory: '/root/sortmaster_out/xbelt_matrix_v25/edge_small/summary.json'
=== EDGES DONE ===
2026-07-11T04:22:55Z [Info] [carb] Logging to file: /isaac-sim/kit/logs/Kit/Isaac-Sim Python/6.0/kit_20260711_042255.log
[0.085s] [ext: omni.assets.plugins-0.0.0] startup
[0.087s] [ext: omni.blobkey-1.1.2] startup
[0.087s] [ext: omni.kit.async_engine-0.0.3] startup
[0.949s] [ext: omni.client.lib-1.1.1] startup
[0.981s] [ext: omni.client-1.3.0] startup
2026-07-11T04:22:56Z [1,060ms] [Warning] [carb.omniclient.plugin]  57: OmniHub: ThreadId(02) Hub encountered error. Trying to reconnect to Hub. retry_reason="Hub failed to launch: Io(\"child exited with exit status: 1 without writing file \\\"/tmp/hub-isaac-sim-DCDB071A.config.json\\\"\")"
2026-07-11T04:22:57Z [1,132ms] [Warning] [carb.omniclient.plugin]  57: OmniHub: ThreadId(02) Hub encountered error. Trying to reconnect to Hub. retry_reason="Hub failed to launch: Io(\"child exited with exit status: 1 without writing file \\\"/tmp/hub-isaac-sim-DCDB071A.config.json\\\"\")"
2026-07-11T04:22:57Z [1,214ms] [Warning] [carb.omniclient.plugin]  57: OmniHub: ThreadId(02) Hub encountered error. Trying to reconnect to Hub. retry_reason="Hub failed to launch: Io(\"child exited with exit status: 1 without writing file \\\"/tmp/hub-isaac-sim-DCDB071A.config.json\\\"\")"
2026-07-11T04:22:57Z [1,306ms] [Warning] [carb.omniclient.plugin]  57: OmniHub: ThreadId(02) Hub encountered error. Trying to reconnect to Hub. retry_reason="Hub failed to launch: Io(\"child exited with exit status: 1 without writing file \\\"/tmp/hub-isaac-sim-DCDB071A.config.json\\\"\")"
2026-07-11T04:22:57Z [1,407ms] [Warning] [carb.omniclient.plugin]  57: OmniHub: ThreadId(02) Hub encountered error. Trying to reconnect to Hub. retry_reason="Hub failed to launch: Io(\"child exited with exit status: 1 without writing file \\\"/tmp/hub-isaac-sim-DCDB071A.config.json\\\"\")"
2026-07-11T04:22:57Z [1,518ms] [Warning] [carb.omniclient.plugin]  57: OmniHub: ThreadId(02) Hub encountered error. Trying to reconnect to Hub. retry_reason="Hub failed to launch: Io(\"child exited with exit status: 1 without writing file \\\"/tmp/hub-isaac-sim-DCDB071A.config.json\\\"\")"
2026-07-11T04:22:57Z [1,640ms] [Warning] [carb.omniclient.plugin]  57: OmniHub: ThreadId(02) Hub encountered error. Trying to reconnect to Hub. retry_reason="Hub failed to launch: Io(\"child exited with exit status: 1 without writing file \\\"/tmp/hub-isaac-sim-DCDB071A.config.json\\\"\")"
2026-07-11T04:22:57Z [1,772ms] [Warning] [carb.omniclient.plugin]  57: OmniHub: ThreadId(02) Hub encountered error. Trying to reconnect to Hub. retry_reason="Hub failed to launch: Io(\"child exited with exit status: 1 without writing file \\\"/tmp/hub-isaac-sim-DCDB071A.config.json\\\"\")"
2026-07-11T04:22:57Z [1,914ms] [Warning] [carb.omniclient.plugin]  57: OmniHub: ThreadId(02) Hub encountered error. Trying to reconnect to Hub. retry_reason="Hub failed to launch: Io(\"child exited with exit status: 1 without writing file \\\"/tmp/hub-isaac-sim-DCDB071A.config.json\\\"\")"
2026-07-11T04:22:57Z [2,066ms] [Warning] [carb.omniclient.plugin]  57: OmniHub: ThreadId(02) Hub encountered error. Trying to reconnect to Hub. retry_reason="Hub failed to launch: Io(\"child exited with exit status: 1 without writing file \\\"/tmp/hub-isaac-sim-DCDB071A.config.json\\\"\")"
2026-07-11T04:22:58Z [2,228ms] [Warning] [carb.omniclient.plugin]  57: OmniHub: ThreadId(02) Hub encountered error. Trying to reconnect to Hub. retry_reason="Hub failed to launch: Io(\"child exited with exit status: 1 without writing file \\\"/tmp/hub-isaac-sim-DCDB071A.config.json\\\"\")"
2026-07-11T04:22:58Z [2,400ms] [Warning] [carb.omniclient.plugin]  57: OmniHub: ThreadId(02) Hub encountered error. Trying to reconnect to Hub. retry_reason="Hub failed to launch: Io(\"child exited with exit status: 1 without writing file \\\"/tmp/hub-isaac-sim-DCDB071A.config.json\\\"\")"
2026-07-11T04:22:58Z [2,582ms] [Warning] [carb.omniclient.plugin]  57: OmniHub: ThreadId(02) Hub encountered error. Trying to reconnect to Hub. retry_reason="Hub failed to launch: Io(\"child exited with exit status: 1 without writing file \\\"/tmp/hub-isaac-sim-DCDB071A.config.json\\\"\")"
2026-07-11T04:22:58Z [2,774ms] [Warning] [carb.omniclient.plugin]  57: OmniHub: ThreadId(02) Hub encountered error. Trying to reconnect to Hub. retry_reason="Hub failed to launch: Io(\"child exited with exit status: 1 without writing file \\\"/tmp/hub-isaac-sim-DCDB071A.config.json\\\"\")"
2026-07-11T04:22:58Z [2,976ms] [Warning] [carb.omniclient.plugin]  57: OmniHub: ThreadId(02) Hub encountered error. Trying to reconnect to Hub. retry_reason="Hub failed to launch: Io(\"child exited with exit status: 1 without writing file \\\"/tmp/hub-isaac-sim-DCDB071A.config.json\\\"\")"
2026-07-11T04:22:59Z [3,188ms] [Warning] [carb.omniclient.plugin]  57: OmniHub: ThreadId(02) Hub encountered error. Trying to reconnect to Hub. retry_reason="Hub failed to launch: Io(\"child exited with exit status: 1 without writing file \\\"/tmp/hub-isaac-sim-DCDB071A.config.json\\\"\")"
2026-07-11T04:22:59Z [3,410ms] [Warning] [carb.omniclient.plugin]  57: OmniHub: ThreadId(02) Hub encountered error. Trying to reconnect to Hub. retry_reason="Hub failed to launch: Io(\"child exited with exit status: 1 without writing file \\\"/tmp/hub-isaac-sim-DCDB071A.config.json\\\"\")"
2026-07-11T04:22:59Z [3,642ms] [Warning] [carb.omniclient.plugin]  57: OmniHub: ThreadId(02) Hub encountered error. Trying to reconnect to Hub. retry_reason="Hub failed to launch: Io(\"child exited with exit status: 1 without writing file \\\"/tmp/hub-isaac-sim-DCDB071A.config.json\\\"\")"
2026-07-11T04:22:59Z [3,884ms] [Warning] [carb.omniclient.plugin]  57: OmniHub: ThreadId(02) Hub encountered error. Trying to reconnect to Hub. retry_reason="Hub failed to launch: Io(\"child exited with exit status: 1 without writing file \\\"/tmp/hub-isaac-sim-DCDB071A.config.json\\\"\")"
2026-07-11T04:23:00Z [4,137ms] [Warning] [carb.omniclient.plugin]  57: OmniHub: ThreadId(02) Hub encountered error. Trying to reconnect to Hub. retry_reason="Hub failed to launch: Io(\"child exited with exit status: 1 without writing file \\\"/tmp/hub-isaac-sim-DCDB071A.config.json\\\"\")"
2026-07-11T04:23:00Z [4,398ms] [Warning] [carb.omniclient.plugin]  57: OmniHub: ThreadId(02) Hub encountered error. Trying to reconnect to Hub. retry_reason="Hub failed to launch: Io(\"child exited with exit status: 1 without writing file \\\"/tmp/hub-isaac-sim-DCDB071A.config.json\\\"\")"
2026-07-11T04:23:00Z [4,670ms] [Warning] [carb.omniclient.plugin]  57: OmniHub: ThreadId(02) Hub encountered error. Trying to reconnect to Hub. retry_reason="Hub failed to launch: Io(\"child exited with exit status: 1 without writing file \\\"/tmp/hub-isaac-sim-DCDB071A.config.json\\\"\")"
2026-07-11T04:23:00Z [4,953ms] [Warning] [carb.omniclient.plugin]  57: OmniHub: ThreadId(02) Hub encountered error. Trying to reconnect to Hub. retry_reason="Hub failed to launch: Io(\"child exited with exit status: 1 without writing file \\\"/tmp/hub-isaac-sim-DCDB071A.config.json\\\"\")"
2026-07-11T04:23:01Z [5,244ms] [Warning] [carb.omniclient.plugin]  57: OmniHub: ThreadId(02) Hub encountered error. Trying to reconnect to Hub. retry_reason="Hub failed to launch: Io(\"child exited with exit status: 1 without writing file \\\"/tmp/hub-isaac-sim-DCDB071A.config.json\\\"\")"
2026-07-11T04:23:01Z [5,546ms] [Warning] [carb.omniclient.plugin]  57: OmniHub: ThreadId(02) Hub encountered error. Trying to reconnect to Hub. retry_reason="Hub failed to launch: Io(\"child exited with exit status: 1 without writing file \\\"/tmp/hub-isaac-sim-DCDB071A.config.json\\\"\")"
2026-07-11T04:23:01Z [5,858ms] [Warning] [carb.omniclient.plugin]  57: OmniHub: ThreadId(02) Hub encountered error. Trying to reconnect to Hub. retry_reason="Hub failed to launch: Io(\"child exited with exit status: 1 without writing file \\\"/tmp/hub-isaac-sim-DCDB071A.config.json\\\"\")"
2026-07-11T04:23:02Z [6,180ms] [Warning] [carb.omniclient.plugin]  57: OmniHub: ThreadId(02) Hub encountered error. Trying to reconnect to Hub. retry_reason="Hub failed to launch: Io(\"child exited with exit status: 1 without writing file \\\"/tmp/hub-isaac-sim-DCDB071A.config.json\\\"\")"
2026-07-11T04:23:02Z [6,512ms] [Warning] [carb.omniclient.plugin]  57: OmniHub: ThreadId(02) Hub encountered error. Trying to reconnect to Hub. retry_reason="Hub failed to launch: Io(\"child exited with exit status: 1 without writing file \\\"/tmp/hub-isaac-sim-DCDB071A.config.json\\\"\")"
WARNING: All log messages before absl::InitializeLog() is called are written to STDERR
E0000 00:00:1783743787.164657      11 descriptor_database.cc:633] File already exists in database: grpc/health/v1/health.proto
W0000 00:00:1783743787.164726      11 message.cc:301] Protobuf GeneratedMessageFactory: File is already registered: grpc/health/v1/health.proto
2026-07-11T04:23:02Z [6,854ms] [Warning] [carb.omniclient.plugin]  57: OmniHub: ThreadId(02) Hub encountered error. Trying to reconnect to Hub. retry_reason="Hub failed to launch: Io(\"child exited with exit status: 1 without writing file \\\"/tmp/hub-isaac-sim-DCDB071A.config.json\\\"\")"
2026-07-11T04:23:03Z [7,206ms] [Warning] [carb.omniclient.plugin]  57: OmniHub: ThreadId(02) Hub encountered error. Trying to reconnect to Hub. retry_reason="Hub failed to launch: Io(\"child exited with exit status: 1 without writing file \\\"/tmp/hub-isaac-sim-DCDB071A.config.json\\\"\")"
2026-07-11T04:23:03Z [7,567ms] [Warning] [carb.omniclient.plugin]  57: OmniHub: ThreadId(02) Hub encountered error. Trying to reconnect to Hub. retry_reason="Hub failed to launch: Io(\"child exited with exit status: 1 without writing file \\\"/tmp/hub-isaac-sim-DCDB071A.config.json\\\"\")"
2026-07-11T04:23:03Z [7,940ms] [Warning] [carb.omniclient.plugin]  57: OmniHub: ThreadId(02) Hub encountered error. Trying to reconnect to Hub. retry_reason="Hub failed to launch: Io(\"child exited with exit status: 1 without writing file \\\"/tmp/hub-isaac-sim-DCDB071A.config.json\\\"\")"
2026-07-11T04:23:04Z [8,320ms] [Warning] [carb.omniclient.plugin]  57: OmniHub: ThreadId(02) Hub encountered error. Trying to reconnect to Hub. retry_reason="Hub failed to launch: Io(\"child exited with exit status: 1 without writing file \\\"/tmp/hub-isaac-sim-DCDB071A.config.json\\\"\")"
2026-07-11T04:23:04Z [8,713ms] [Warning] [carb.omniclient.plugin]  57: OmniHub: ThreadId(02) Hub encountered error. Trying to reconnect to Hub. retry_reason="Hub failed to launch: Io(\"child exited with exit status: 1 without writing file \\\"/tmp/hub-isaac-sim-DCDB071A.config.json\\\"\")"
2026-07-11T04:23:04Z [9,115ms] [Warning] [carb.omniclient.plugin]  57: OmniHub: ThreadId(02) Hub encountered error. Trying to reconnect to Hub. retry_reason="Hub failed to launch: Io(\"child exited with exit status: 1 without writing file \\\"/tmp/hub-isaac-sim-DCDB071A.config.json\\\"\")"
2026-07-11T04:23:05Z [9,527ms] [Warning] [carb.omniclient.plugin]  57: OmniHub: ThreadId(02) Hub encountered error. Trying to reconnect to Hub. retry_reason="Hub failed to launch: Io(\"child exited with exit status: 1 without writing file \\\"/tmp/hub-isaac-sim-DCDB071A.config.json\\\"\")"
2026-07-11T04:23:05Z [9,949ms] [Warning] [carb.omniclient.plugin]  57: OmniHub: ThreadId(02) Hub encountered error. Trying to reconnect to Hub. retry_reason="Hub failed to launch: Io(\"child exited with exit status: 1 without writing file \\\"/tmp/hub-isaac-sim-DCDB071A.config.json\\\"\")"
2026-07-11T04:23:06Z [10,381ms] [Warning] [carb.omniclient.plugin]  57: OmniHub: ThreadId(02) Hub encountered error. Trying to reconnect to Hub. retry_reason="Hub failed to launch: Io(\"child exited with exit status: 1 without writing file \\\"/tmp/hub-isaac-sim-DCDB071A.config.json\\\"\")"
2026-07-11T04:23:06Z [10,823ms] [Warning] [carb.omniclient.plugin]  57: OmniHub: ThreadId(02) Hub encountered error. Trying to reconnect to Hub. retry_reason="Hub failed to launch: Io(\"child exited with exit status: 1 without writing file \\\"/tmp/hub-isaac-sim-DCDB071A.config.json\\\"\")"
[11.304s] [ext: omni.protobuf.lib-1.0.0] startup
[11.307s] [ext: omni.grpc.lib-1.0.0] startup
[11.319s] [ext: omni.metrics.core-0.0.3] startup
[11.320s] [ext: omni.datastore-0.0.0] startup
[11.322s] [ext: omni.gpu_foundation.shadercache.vulkan-1.0.0] startup
[11.349s] [ext: omni.hsscclient-1.1.4] startup
[11.355s] [ext: omni.stats-1.0.1] startup
[11.363s] [ext: omni.ujitso.default-1.0.0] startup
[11.380s] [ext: omni.gpu_foundation-0.0.0] startup
[11.780s] [ext: carb.windowing.plugins-1.0.1] startup
[11.781s] [ext: omni.kit.renderer.init-1.0.1] startup
2026-07-11T04:23:07Z [11,839ms] [Warning] [omni.platforminfo.plugin] failed to open the default display.  Can't verify X Server version.

|---------------------------------------------------------------------------------------------|
| Driver Version: 580.105.08    | Graphics API: Vulkan
|=============================================================================================|
| GPU | Name                             | Active | LDA | GPU Memory | Vendor-ID | LUID       |
|     |                                  |        |     |            | Device-ID | UUID       |
|     |                                  |        |     |            | Bus-ID    |            |
|---------------------------------------------------------------------------------------------|
| 0   | NVIDIA GeForce RTX 5090          | Yes: 0 |     | 32853   MB | 10de      | 0          |
|     |                                  |        |     |            | 2b85      | dfae664a.. |
|     |                                  |        |     |            | 0         |            |
|=============================================================================================|
| OS: 24.04.3 LTS (Noble Numbat) ubuntu, Version: 24.04.3, Kernel: 6.8.0-87-generic
| Processor: AMD EPYC 9654 96-Core Emb Processor
| Cores: 46 | Logical Cores: 46
|---------------------------------------------------------------------------------------------|
| Total Memory (MB): 50511 | Free Memory: 33334
| Total Page/Swap (MB): 0 | Free Page/Swap: 0
|---------------------------------------------------------------------------------------------|
[12.771s] [ext: omni.kit.pipapi-0.0.0] startup
[12.781s] [ext: omni.kit.pip_archive-0.0.0] startup
[12.786s] [ext: isaacsim.pip.newton-0.6.1] startup
[12.791s] [ext: omni.pip.compute-1.9.2] startup
[12.795s] [ext: omni.isaac.core_archive-5.3.1] startup
[12.800s] [ext: omni.kit.telemetry-0.5.2] startup
[12.869s] [ext: omni.kit.loop-isaac-1.6.0] startup
[12.878s] [ext: omni.kit.test-2.0.7] startup
[13.254s] [ext: omni.materialx.libs-1.0.9] startup
[13.268s] [ext: omni.gpucompute.plugins-0.0.0] startup
[13.269s] [ext: omni.usd.config-1.0.7] startup
[13.281s] [ext: omni.usd.libs-1.0.3] startup
[13.370s] [ext: omni.iray.libs-0.0.1] startup
[13.377s] [ext: omni.mdl-57.0.3] startup
[13.772s] [ext: omni.mdl.neuraylib-0.2.20] startup
[13.786s] [ext: omni.kit.usd.mdl-1.1.9] startup
[13.978s] [ext: omni.appwindow-1.2.2] startup
[13.985s] [ext: omni.kit.renderer.core-1.2.2] startup
2026-07-11T04:23:10Z [14,205ms] [Warning] [carb.windowing-glfw.plugin] GLFW initialization failed.
2026-07-11T04:23:10Z [14,205ms] [Warning] [carb] Failed to startup plugin carb.windowing-glfw.plugin (interfaces: [carb::windowing::IGLContext v1.0],[carb::windowing::IWindowing v1.5]) (impl: carb.windowing-glfw.plugin)
[14.280s] [ext: omni.kit.renderer.capture-2.0.1] startup
[14.294s] [ext: omni.kit.renderer.imgui-2.0.6] startup
2026-07-11T04:23:10Z [14,271ms] [Warning] [carb.windowing-glfw.plugin] GLFW initialization failed.
2026-07-11T04:23:10Z [14,271ms] [Warning] [carb] Failed to startup plugin carb.windowing-glfw.plugin (interfaces: [carb::windowing::IGLContext v1.0],[carb::windowing::IWindowing v1.5]) (impl: carb.windowing-glfw.plugin)
2026-07-11T04:23:10Z [14,274ms] [Warning] [carb.windowing-glfw.plugin] GLFW initialization failed.
2026-07-11T04:23:10Z [14,274ms] [Warning] [carb] Failed to startup plugin carb.windowing-glfw.plugin (interfaces: [carb::windowing::IGLContext v1.0],[carb::windowing::IWindowing v1.5]) (impl: carb.windowing-glfw.plugin)
[14.381s] [ext: omni.ui-3.2.0] startup
[14.405s] [ext: omni.kit.mainwindow-1.0.3] startup
[14.414s] [ext: carb.audio-0.1.0] startup
[14.420s] [ext: omni.uiaudio-1.0.0] startup
[14.427s] [ext: omni.kit.uiapp-0.0.0] startup
[14.427s] [ext: omni.usd.schema.metrics.assembler-110.1.0] startup
[14.440s] [ext: omni.usd.schema.audio-0.0.1] startup
[14.450s] [ext: omni.usd_resolver-1.0.0] startup
[14.460s] [ext: omni.usd.core-1.8.3] startup
[14.464s] [ext: omni.metropolis.schema-0.0.3] startup
[14.471s] [ext: isaacsim.anim.robot.schema-0.1.1] startup
[14.479s] [ext: omni.usd.schema.anim-0.0.1] startup
[14.515s] [ext: omni.usd.schema.geospatial-0.0.1] startup
[14.525s] [ext: omni.usd.schema.omnigraph-1.0.1] startup
[14.540s] [ext: omni.usd.schema.semantics-0.0.0] startup
[14.549s] [ext: omni.activity.core-1.0.3] startup
[14.556s] [ext: omni.cubric-0.1.0] startup
[14.557s] [ext: omni.graph.exec-0.9.6] startup
[14.557s] [ext: omni.hydra.scene_delegate-0.3.5] startup
[14.561s] [ext: usdrt.scenegraph-7.6.3] startup
[14.620s] [ext: omni.hydra.usdrt_delegate-7.5.2] startup
[14.632s] [ext: omni.inspect-1.0.2] startup
[14.639s] [ext: omni.kit.actions.core-1.0.0] startup
[14.648s] [ext: omni.kit.audiodeviceenum-1.0.2] startup
[14.654s] [ext: omni.kit.commands-1.5.0] startup
[14.673s] [ext: omni.kit.exec.core-0.13.5] startup
[14.683s] [ext: omni.kit.usd_undo-0.1.8] startup
[14.689s] [ext: omni.kit.window.popup_dialog-2.0.25] startup
[14.707s] [ext: omni.kit.widget.nucleus_connector-2.3.1] startup
[14.730s] [ext: omni.timeline-1.1.0] startup
[14.737s] [ext: omni.usd-1.16.0] startup
[14.872s] [ext: omni.graph.core-3.1.2] startup
[14.876s] [ext: omni.kit.notification_manager-1.0.11] startup
[14.887s] [ext: isaacsim.core.deprecation_manager-0.4.2] startup
[14.894s] [ext: isaacsim.replicator.agent.schema-0.1.1] startup
[14.901s] [ext: isaacsim.robot.schema-6.3.7] startup
[14.928s] [ext: isaacsim.robot_motion.schema-0.2.1] startup
[14.935s] [ext: omni.anim.behavior.schema-110.1.0] startup
[14.946s] [ext: omni.anim.graph.schema-110.1.1] startup
[14.959s] [ext: omni.anim.navigation.schema-110.1.0] startup
[14.969s] [ext: omni.behavior.tree.schema-110.1.0] startup
[14.976s] [ext: omni.isaac.ml_archive-3.3.0] startup
[14.982s] [ext: omni.kit.asset_converter-6.0.1] startup
[15.010s] [ext: omni.pip.cloud-1.5.4] startup
[15.032s] [ext: omni.usd.schema.flow-110.0.0] startup
[15.037s] [ext: omni.usd.schema.mujoco-1.1.1] startup
[15.042s] [ext: omni.usd.schema.newton-1.2.1] startup
[15.049s] [ext: omni.usd.schema.omni_lens_distortion-1.0.0] startup
[15.055s] [ext: omni.usd.schema.omni_projectors-1.0.0] startup
[15.060s] [ext: omni.usd.schema.omni_sensors-0.0.0] startup
[15.076s] [ext: omni.usd.schema.omniscripting-1.0.1] startup
[15.088s] [ext: omni.usd.schema.physical_lighting-0.1.0] startup
[15.099s] [ext: omni.usd.schema.physx-110.1.13] startup
[15.143s] [ext: omni.usd.schema.render_settings.rtx-1.0.2] startup
[15.155s] [ext: omni.usd.schema.usd_particle_field-1.0.0] startup
[15.160s] [ext: isaacsim.core.version-2.1.1] startup
[15.167s] [ext: omni.kit.menu.core-1.2.0] startup
[15.176s] [ext: omni.kit.menu.utils-2.2.4] startup
[15.226s] [ext: isaacsim.app.about-2.3.1] startup
[15.243s] [ext: isaacsim.asset.transformer-1.2.5] startup
[15.257s] [ext: omni.scene.optimizer.core-110.1.0] startup
[15.331s] [ext: isaacsim.asset.importer.utils-1.8.1] startup
[15.350s] [ext: omni.convexdecomposition-110.1.13] startup
[15.361s] [ext: omni.physics-110.1.13] startup
[15.380s] [ext: omni.physx.gpu-110.1.13] startup
[15.380s] [ext: omni.physx.foundation-110.1.13] startup
[15.392s] [ext: omni.usdphysics-110.1.13] startup
[15.403s] [ext: omni.physx.cooking-110.1.13] startup
[15.417s] [ext: omni.physx-110.1.13] startup
[15.465s] [ext: omni.physics.physx-110.1.13] startup
[15.473s] [ext: isaacsim.asset.exporter.urdf-2.0.5] startup
[15.519s] [ext: omni.kit.clipboard-1.1.1] startup
[15.526s] [ext: omni.kit.usd.layers-2.6.1] startup
[15.572s] [ext: omni.kit.widget.context_menu-1.4.0] startup
[15.586s] [ext: omni.kit.context_menu-1.9.0] startup
[15.604s] [ext: omni.kit.helper.file_utils-0.1.10] startup
[15.615s] [ext: omni.kit.widget.nucleus_info-2.0.2] startup
[15.623s] [ext: omni.kit.search_core-1.0.8] startup
[15.630s] [ext: omni.kit.widget.path_field-2.0.13] startup
[15.641s] [ext: omni.kit.widget.browser_bar-2.0.10] startup
[15.651s] [ext: omni.kit.widget.filebrowser-2.13.4] startup
[15.692s] [ext: omni.kit.widget.options_menu-1.1.6] startup
[15.711s] [ext: omni.kit.widget.options_button-1.0.3] startup
[15.719s] [ext: omni.kit.widget.search_delegate-1.0.9] startup
[15.730s] [ext: omni.ui.scene-2.0.3] startup
[15.742s] [ext: omni.kit.window.filepicker-2.15.5] startup
[15.856s] [ext: omni.kit.window.file_importer-1.1.21] startup
[15.867s] [ext: omni.kit.material.library-3.1.2] startup
[15.909s] [ext: isaacsim.asset.transformer.rules-1.7.10] startup
[16.005s] [ext: omni.usdex.libs-2.2.2] startup
[16.023s] [ext: isaacsim.asset.importer.mjcf-3.10.1] startup
[16.035s] [ext: isaacsim.asset.importer.urdf-3.11.2] startup
[16.058s] [ext: omni.kit.primitive.mesh-1.1.0] startup
[16.083s] [ext: omni.kit.stage_template.core-1.1.22] startup
[16.091s] [ext: omni.kit.stage_templates-2.0.2] startup
[16.104s] [ext: omni.usd.metrics.assembler-110.1.2] startup
[16.114s] [ext: omni.warp.core-1.13.0] startup
[16.638s] [ext: isaacsim.core.experimental.utils-0.17.2] startup
[16.647s] [ext: omni.physics.stageupdate-110.1.13] startup
[16.656s] [ext: omni.physics.tensors-110.1.13] startup
[16.680s] [ext: omni.physx.tensors-110.1.13] startup
[16.684s] [ext: isaacsim.core.simulation_manager-1.15.6] startup
[16.733s] [ext: isaacsim.storage.native-1.9.3] startup
[16.749s] [ext: omni.usd.metrics.assembler.physics-110.1.13] startup
[16.765s] [ext: isaacsim.core.utils-4.1.7] startup
[16.780s] [ext: isaacsim.core.prims-0.11.7] startup
[20.537s] [ext: isaacsim.core.api-5.2.13] startup
[20.623s] [ext: isaacsim.core.cloner-1.7.3] startup
[20.635s] [ext: isaacsim.test.docstring-1.3.2] startup
[20.675s] [ext: isaacsim.core.experimental.prims-1.8.9] startup
[20.769s] [ext: isaacsim.core.experimental.primdata-0.3.2] startup
[20.773s] [ext: omni.graph.tools-1.81.0] startup
[20.946s] [ext: omni.graph-1.142.5] startup
[21.099s] [ext: isaacsim.core.experimental.actuators-0.1.2] startup
[21.170s] [ext: isaacsim.core.experimental.materials-0.7.1] startup
[21.201s] [ext: isaacsim.core.experimental.objects-0.8.1] startup
[21.565s] [ext: omni.hydra.engine.stats-1.0.5] startup
[21.574s] [ext: omni.hydra.rtx.shadercache.vulkan-1.0.0] startup
[21.582s] [ext: omni.index.libs-387500.4413.0] startup
[21.582s] [ext: omni.index-1.0.1] startup
[21.583s] [ext: omni.ujitso.client-0.0.0] startup
[21.583s] [ext: omni.usd.schema.playback-1.0.0] startup
[21.594s] [ext: omni.volume-0.5.2] startup
[21.603s] [ext: omni.hydra.rtx-1.0.4] startup
2026-07-11T04:23:17Z [21,593ms] [Warning] [omni.log] Source: omni.hydra was already registered.
[21.650s] [ext: omni.kit.hydra_texture-1.6.0] startup
[21.662s] [ext: omni.kit.raycast.query-1.2.0] startup
[21.675s] [ext: omni.kit.viewport.legacy_gizmos-1.0.24] startup
[21.683s] [ext: omni.kit.viewport.registry-104.0.6] startup
[21.691s] [ext: omni.kit.viewport.scene_camera_model-1.0.7] startup
[21.701s] [ext: omni.kit.widget.viewport-109.2.0] startup
[21.733s] [ext: omni.kit.window.drop_support-1.0.8] startup
[21.740s] [ext: omni.kit.viewport.window-109.0.2] startup
[21.811s] [ext: omni.kit.viewport.utility-2.0.1] startup
[21.822s] [ext: isaacsim.core.rendering_manager-0.4.3] startup
[21.864s] [ext: omni.graph.action_core-1.1.9] startup
[21.875s] [ext: omni.graph.action_nodes_core-2.11.0] startup
[21.884s] [ext: omni.graph.action_nodes-2.11.0] startup
[22.158s] [ext: omni.graph.action-2.10.2] startup
[22.168s] [ext: omni.graph.image.core-0.6.1] startup
[22.172s] [ext: omni.graph.image.nodes-1.3.1] startup
[22.176s] [ext: omni.graph.nodes_core-2.11.0] startup
[22.201s] [ext: omni.graph.nodes-2.12.0] startup
[22.227s] [ext: omni.kit.hotkeys.core-1.3.12] startup
[22.230s] [ext: omni.kit.property.adapter.core-1.1.1] startup
[22.250s] [ext: omni.kit.property.adapter.usd-1.0.5] startup
[22.266s] [ext: omni.kit.widget.filter-1.1.5] startup
[22.275s] [ext: omni.kit.widget.highlight_label-1.0.3] startup
[22.283s] [ext: omni.kit.widget.searchfield-1.1.8] startup
[22.295s] [ext: omni.kit.window.file_exporter-1.0.36] startup
[22.305s] [ext: omni.kit.widget.stage-4.4.0] startup
[22.368s] [ext: omni.kit.window.content_browser_registry-0.0.6] startup
[22.376s] [ext: omni.kit.window.file-2.0.10] startup
[22.400s] [ext: omni.kit.window.content_browser-3.1.8] startup
[22.432s] [ext: omni.kit.window.property-1.15.1] startup
[22.540s] [ext: omni.kit.property.usd-4.9.4] startup
[22.641s] [ext: omni.graph.scriptnode-2.10.2] startup
[22.675s] [ext: omni.kit.widget.searchable_combobox-1.0.7] startup
[22.686s] [ext: omni.kit.widget.settings-2.0.0] startup
[22.705s] [ext: omni.kit.window.preferences-1.8.3] startup
[22.743s] [ext: omni.kit.viewport.menubar.core-107.2.2] startup
[22.808s] [ext: omni.syntheticdata-0.6.15] startup
[22.941s] [ext: omni.replicator.nv-1.1.1] startup
[22.972s] [ext: omni.videoencoding-0.2.1] startup
[22.984s] [ext: omni.replicator.core-1.13.27] startup
2026-07-11T04:23:18Z [23,048ms] [Warning] [pxr.Semantics] pxr.Semantics is deprecated - please use Semantics instead
2026-07-11T04:23:19Z [23,283ms] [Warning] [omni.replicator.core.scripts.extension] No material configuration file, adding configuration to material settings directly.
[24.005s] [ext: isaacsim.core.nodes-5.10.5] startup
[24.157s] [ext: isaacsim.core.throttling-2.3.5] startup
[24.167s] [ext: omni.kit.manipulator.viewport-107.0.1] startup
[24.177s] [ext: omni.graph.visualization.nodes-2.1.4] startup
[24.293s] [ext: omni.kit.window.extensions-1.5.10] startup
[24.356s] [ext: isaacsim.gui.components-1.8.5] startup
[24.398s] [ext: isaacsim.robot.surface_gripper-3.6.2] startup
[24.436s] [ext: isaacsim.robot.manipulators-3.4.4] startup
[24.478s] [ext: isaacsim.robot_motion.lula-4.1.3] startup
[24.493s] [ext: isaacsim.robot_motion.motion_generation-8.2.9] startup
[24.530s] [ext: isaacsim.cortex.framework-1.0.18] startup
[24.537s] [ext: isaacsim.cortex.behaviors-2.0.17] startup
[24.543s] [ext: isaacsim.examples.base-1.3.2] startup
[24.552s] [ext: omni.kit.widget.zoombar-1.0.7] startup
[24.560s] [ext: omni.kit.browser.core-2.3.18] startup
[24.589s] [ext: omni.kit.browser.folder.core-2.0.2] startup
[24.626s] [ext: omni.kit.widget.stage_icons-1.0.8] startup
[24.633s] [ext: omni.kit.window.stage-2.6.1] startup
[24.646s] [ext: omni.kit.menu.stage-1.2.7] startup
[24.655s] [ext: omni.kit.usd.collect-3.0.6] startup
[24.679s] [ext: omni.kit.widget.prompt-1.0.7] startup
[24.688s] [ext: omni.kit.tool.collect-2.2.19] startup
[24.705s] [ext: isaacsim.examples.browser-0.3.2] startup
[24.718s] [ext: omni.kit.search.files-1.0.4] startup
[24.726s] [ext: omni.kit.widget.calendar-1.0.9] startup
[24.736s] [ext: omni.kit.widget.extended_searchfield-1.0.31] startup
[24.780s] [ext: omni.simready.content.browser-0.3.7] startup
[25.305s] [ext: isaacsim.gui.content_browser-0.4.3] startup
[25.319s] [ext: omni.kit.selection-0.1.6] startup
[25.327s] [ext: isaacsim.gui.menu-2.10.5] startup
[25.367s] [ext: isaacsim.gui.property-1.6.4] startup
[25.411s] [ext: omni.kit.viewport.actions-110.0.0] startup
[25.428s] [ext: omni.kit.viewport.menubar.display-107.1.3] startup
[25.439s] [ext: isaacsim.gui.sensors.icon-2.2.1] startup
[25.457s] [ext: omni.behavior.scripting.core-110.1.0] startup
[25.480s] [ext: isaacsim.replicator.behavior-1.5.4] startup
[25.486s] [ext: isaacsim.replicator.experimental.domain_randomization-1.2.5] startup
[25.564s] [ext: isaacsim.replicator.domain_randomization-1.2.2] startup
[25.686s] [ext: isaacsim.replicator.writers-1.5.4] startup
[25.826s] [ext: isaacsim.robot.experimental.wheeled_robots-0.2.11] startup
[25.943s] [ext: isaacsim.robot.policy.examples-5.2.12] startup
[26.035s] [ext: isaacsim.robot.wheeled_robots-5.2.4] startup
[26.055s] [ext: isaacsim.robot.wheeled_robots.nodes-0.1.5] startup
[26.199s] [ext: isaacsim.robot_motion.experimental.motion_generation-6.1.3] startup
[26.253s] [ext: isaacsim.robot_motion.cumotion-1.3.1] startup
[26.299s] [ext: omni.kit.numpy.common-0.1.3] startup
[26.307s] [ext: isaacsim.sensors.camera-1.7.9] startup
[26.381s] [ext: isaacsim.sensors.experimental.physics-3.0.2] startup
[26.412s] [ext: omni.sensors.net-1.0.1] startup
[26.421s] [ext: omni.sensors.nv.common-3.0.0] startup
[26.446s] [ext: omni.sensors.nv.materials-2.0.0] startup
[26.458s] [ext: omni.sensors.nv.acoustic-3.0.0] startup
[26.462s] [ext: omni.sensors.nv.ids-2.0.1] startup
[26.465s] [ext: omni.sensors.nv.lidar-3.0.0] startup
[26.478s] [ext: omni.sensors.nv.radar-3.0.0] startup
[26.483s] [ext: isaacsim.sensors.experimental.rtx-1.4.6] startup
[27.203s] [ext: isaacsim.sensors.physics.nodes-1.5.3] startup
[27.221s] [ext: isaacsim.util.debug_draw-3.2.3] startup
[27.238s] [ext: isaacsim.sensors.physx-2.5.5] startup
[27.264s] [ext: isaacsim.sensors.rtx-15.17.1] startup
[27.300s] [ext: isaacsim.simulation_app-2.18.4] startup
[27.300s] [ext: omni.anim.curve.core-1.6.0] startup
[27.346s] [ext: omni.graph.ui_nodes-2.11.1] startup
[27.751s] [ext: omni.hydra.scene_api-0.1.3] startup
[27.770s] [ext: omni.kit.manipulator.camera-110.0.0] startup
[27.822s] [ext: omni.kit.manipulator.selector-1.1.4] startup
[27.832s] [ext: omni.kit.manipulator.transform-107.0.0] startup
[27.862s] [ext: omni.kit.widget.toolbar-2.1.0] startup
[27.895s] [ext: omni.kit.manipulator.tool.snap-1.5.14] startup
[27.918s] [ext: omni.kit.viewport.manipulator.transform-107.0.4] startup
[27.932s] [ext: omni.kit.manipulator.prim.core-108.0.2] startup
[27.967s] [ext: omni.kit.manipulator.prim.usd-107.0.3] startup
[27.978s] [ext: omni.kit.manipulator.prim-108.0.0] startup
[27.978s] [ext: omni.kit.manipulator.selection-109.0.1] startup
[27.988s] [ext: omni.kit.menu.create-2.0.2] startup
[27.998s] [ext: omni.kit.property.audio-1.0.16] startup
[28.013s] [ext: omni.kit.property.camera-1.0.14] startup
[28.023s] [ext: omni.kit.property.geometry-2.1.2] startup
[28.042s] [ext: omni.kit.property.light-1.0.14] startup
2026-07-11T04:23:23Z [28,080ms] [Warning] [omni.usd] Encountered USD Warnings but USD Diagnostics are currently muted. To view USD Warnings, please set the '/persistent/app/usd/muteUsdDiagnostics' setting to false in Preferences page.
[28.123s] [ext: omni.kit.property.material-1.14.6] startup
[28.170s] [ext: omni.kit.property.render-1.2.2] startup
[28.177s] [ext: omni.kit.property.transform-1.6.9] startup
[28.212s] [ext: omni.kit.property.bundle-1.5.1] startup
[28.222s] [ext: omni.kit.usdz_export-1.1.0] startup
[28.234s] [ext: omni.kit.tool.asset_importer-6.0.1] startup
[28.268s] [ext: omni.kit.ui.actions-1.0.5] startup
[28.278s] [ext: omni.kit.viewport.menubar.camera-107.0.10] startup
[28.307s] [ext: omni.kit.viewport.menubar.lighting-107.3.2] startup
[28.327s] [ext: omni.kit.viewport.menubar.render-110.0.0] startup
[28.346s] [ext: omni.kit.viewport.menubar.settings-110.0.1] startup
[28.375s] [ext: omni.kit.window.console-1.1.9] startup
[28.396s] [ext: omni.kit.window.status_bar-0.1.11] startup
[28.406s] [ext: omni.kit.window.toolbar-3.0.3] startup
[28.416s] [ext: omni.ocio-0.1.1] startup
[28.422s] [ext: omni.physx.commands-110.1.13] startup
[28.449s] [ext: omni.replicator.replicator_yaml-2.0.12] startup
[28.497s] [ext: omni.rtx.window.settings-0.8.0] startup
[28.518s] [ext: omni.rtx.settings.core-0.7.1] startup
[28.548s] [ext: omni.usd.metrics.assembler.ui-110.1.1] startup
[28.571s] [ext: semantics.schema.editor-2.0.2] startup
[28.586s] [ext: semantics.schema.property-2.0.2] startup
[28.595s] [ext: omni.kit.menu.common-2.0.2] startup
[28.602s] [ext: isaacsim.exp.base-6.0.1] startup
[28.603s] [ext: isaacsim.exp.base.python-6.0.1] startup
[28.606s] Simulation App Starting
[31.758s] Simulation App Startup Complete
[31.759s] app ready
Starting kit application with the following args:  ['/isaac-sim/exts/isaacsim.simulation_app/isaacsim/simulation_app/simulation_app.py', '/isaac-sim/apps/isaacsim.exp.base.python.kit', '--/app/tokens/exe-path=/isaac-sim/kit', '--/persistent/app/viewport/displayOptions=3094', '--/rtx/materialDb/syncLoads=True', '--/rtx/hydra/materialSyncLoads=True', '--/omni/kit/plugin/syncUsdLoads=True', '--/app/renderer/resolution/width=1280', '--/app/renderer/resolution/height=720', '--/app/window/width=1440', '--/app/window/height=900', '--/renderer/multiGpu/enabled=True', '--/app/fastShutdown=True', '--/app/installSignalHandlers=0', '--ext-folder', '/isaac-sim/exts', '--ext-folder', '/isaac-sim/apps', '--/physics/cudaDevice=0', '--/plugins/carb.tasking.plugin/threadCount=32', '--/plugins/omni.tbb.globalcontrol/maxThreadCount=32', '--portable', '--no-window', '--/app/window/hideUi=1']
Passing the following args to the base kit application:  ['--out', '/workspace/sortmaster_out/audit_v25']
Warp 1.13.0 initialized:
   CUDA Toolkit 12.9, Driver 13.0
   Devices:
     "cpu"      : "x86_64"
     "cuda:0"   : "NVIDIA GeForce RTX 5090" (31 GiB, sm_120, mempool enabled)
   Kernel cache:
     /isaac-sim/.cache/warp/1.13.0
[dressing] official conveyor shells referenced
[dressing] RealSense D455 sensor assets referenced
[dressing] logo board fallback ([Errno 2] No such file or directory: '/tmp/sortmaster_signs/ozon_logo.png')
[audit] tray colliders=4 statics=68
[audit] tray near-pairs=83 tray violations=10 arm violations=0
  VIOLATION {"mover": "/World/sorter/tray0/lip_e", "static": "/World/statics/chuteREVIEW_cheek_l", "min_clearance_mm": 12.6, "at_x": 9.1, "at_tilt_deg": -38.8}
  VIOLATION {"mover": "/World/sorter/tray0/lip_e", "static": "/World/statics/chuteREVIEW_cheek_r", "min_clearance_mm": 12.6, "at_x": 8.45, "at_tilt_deg": -38.8}
  VIOLATION {"mover": "/World/sorter/tray0/plate_n", "static": "/World/conveyors/bconnect", "min_clearance_mm": 12.7, "at_x": 8.3, "at_tilt_deg": -38.8}
  VIOLATION {"mover": "/World/sorter/tray0/lip_w", "static": "/World/statics/chuteD_cheek_r", "min_clearance_mm": 13.0, "at_x": 8.65, "at_tilt_deg": 38.8}
  VIOLATION {"mover": "/World/sorter/tray0/lip_w", "static": "/World/statics/chuteC_cheek_r", "min_clearance_mm": 13.0, "at_x": 7.35, "at_tilt_deg": 38.8}
  VIOLATION {"mover": "/World/sorter/tray0/lip_e", "static": "/World/statics/chuteD_cheek_l", "min_clearance_mm": 13.6, "at_x": 8.8, "at_tilt_deg": 38.8}
  VIOLATION {"mover": "/World/sorter/tray0/lip_e", "static": "/World/statics/chuteC_cheek_l", "min_clearance_mm": 13.6, "at_x": 7.5, "at_tilt_deg": 38.8}
  VIOLATION {"mover": "/World/sorter/tray0/plate_s", "static": "/World/statics/chuteC_chamfer", "min_clearance_mm": 14.1, "at_x": 7.35, "at_tilt_deg": 38.8}
  VIOLATION {"mover": "/World/sorter/tray0/plate_s", "static": "/World/statics/chuteD_chamfer", "min_clearance_mm": 14.1, "at_x": 8.65, "at_tilt_deg": 38.8}
  VIOLATION {"mover": "/World/sorter/tray0/plate_n", "static": "/World/statics/chuteREVIEW_chamfer", "min_clearance_mm": 14.1, "at_x": 8.45, "at_tilt_deg": -38.8}
[audit] FAIL
[48.903s] Simulation App Shutting Down
